Component: ARM Compiler 5.06 update 7 (build 960) Tool: armlink [4d3601]

==============================================================================

Section Cross References

    startup_stm32f407xx.o(STACK) refers (Special) to heapauxi.o(.text) for __use_two_region_memory
    startup_stm32f407xx.o(HEAP) refers (Special) to heapauxi.o(.text) for __use_two_region_memory
    startup_stm32f407xx.o(RESET) refers (Special) to heapauxi.o(.text) for __use_two_region_memory
    startup_stm32f407xx.o(RESET) refers to startup_stm32f407xx.o(STACK) for __initial_sp
    startup_stm32f407xx.o(RESET) refers to startup_stm32f407xx.o(.text) for Reset_Handler
    startup_stm32f407xx.o(RESET) refers to stm32f4xx_it.o(i.NMI_Handler) for NMI_Handler
    startup_stm32f407xx.o(RESET) refers to stm32f4xx_it.o(i.HardFault_Handler) for HardFault_Handler
    startup_stm32f407xx.o(RESET) refers to stm32f4xx_it.o(i.MemManage_Handler) for MemManage_Handler
    startup_stm32f407xx.o(RESET) refers to stm32f4xx_it.o(i.BusFault_Handler) for BusFault_Handler
    startup_stm32f407xx.o(RESET) refers to stm32f4xx_it.o(i.UsageFault_Handler) for UsageFault_Handler
    startup_stm32f407xx.o(RESET) refers to stm32f4xx_it.o(i.SVC_Handler) for SVC_Handler
    startup_stm32f407xx.o(RESET) refers to stm32f4xx_it.o(i.DebugMon_Handler) for DebugMon_Handler
    startup_stm32f407xx.o(RESET) refers to stm32f4xx_it.o(i.PendSV_Handler) for PendSV_Handler
    startup_stm32f407xx.o(RESET) refers to stm32f4xx_it.o(i.SysTick_Handler) for SysTick_Handler
    startup_stm32f407xx.o(RESET) refers to stm32f4xx_it.o(i.DMA1_Stream5_IRQHandler) for DMA1_Stream5_IRQHandler
    startup_stm32f407xx.o(RESET) refers to stm32f4xx_it.o(i.DMA1_Stream6_IRQHandler) for DMA1_Stream6_IRQHandler
    startup_stm32f407xx.o(RESET) refers to modbus_uart.o(i.USART2_IRQHandler) for USART2_IRQHandler
    startup_stm32f407xx.o(RESET) refers to modbus_tim.o(i.TIM6_DAC_IRQHandler) for TIM6_DAC_IRQHandler
    startup_stm32f407xx.o(.text) refers (Special) to heapauxi.o(.text) for __use_two_region_memory
    startup_stm32f407xx.o(.text) refers to system_stm32f4xx.o(i.SystemInit) for SystemInit
    startup_stm32f407xx.o(.text) refers to __main.o(!!!main) for __main
    startup_stm32f407xx.o(.text) refers to startup_stm32f407xx.o(HEAP) for Heap_Mem
    startup_stm32f407xx.o(.text) refers to startup_stm32f407xx.o(STACK) for Stack_Mem
    main.o(i.SystemClock_Config) refers to rt_memclr_w.o(.text) for __aeabi_memclr4
    main.o(i.SystemClock_Config) refers to stm32f4xx_hal_rcc.o(i.HAL_RCC_OscConfig) for HAL_RCC_OscConfig
    main.o(i.SystemClock_Config) refers to stm32f4xx_hal_rcc.o(i.HAL_RCC_ClockConfig) for HAL_RCC_ClockConfig
    main.o(i.main) refers to stm32f4xx_hal.o(i.HAL_Init) for HAL_Init
    main.o(i.main) refers to main.o(i.SystemClock_Config) for SystemClock_Config
    main.o(i.main) refers to gpio.o(i.MX_GPIO_Init) for MX_GPIO_Init
    main.o(i.main) refers to dma.o(i.MX_DMA_Init) for MX_DMA_Init
    main.o(i.main) refers to tim.o(i.MX_TIM6_Init) for MX_TIM6_Init
    main.o(i.main) refers to usart.o(i.MX_USART2_UART_Init) for MX_USART2_UART_Init
    main.o(i.main) refers to user_app.o(i.app_entry) for app_entry
    gpio.o(i.MX_GPIO_Init) refers to rt_memclr_w.o(.text) for __aeabi_memclr4
    gpio.o(i.MX_GPIO_Init) refers to stm32f4xx_hal_gpio.o(i.HAL_GPIO_WritePin) for HAL_GPIO_WritePin
    gpio.o(i.MX_GPIO_Init) refers to stm32f4xx_hal_gpio.o(i.HAL_GPIO_Init) for HAL_GPIO_Init
    dma.o(i.MX_DMA_Init) refers to stm32f4xx_hal_cortex.o(i.HAL_NVIC_SetPriority) for HAL_NVIC_SetPriority
    dma.o(i.MX_DMA_Init) refers to stm32f4xx_hal_cortex.o(i.HAL_NVIC_EnableIRQ) for HAL_NVIC_EnableIRQ
    tim.o(i.HAL_TIM_Base_MspDeInit) refers to stm32f4xx_hal_cortex.o(i.HAL_NVIC_DisableIRQ) for HAL_NVIC_DisableIRQ
    tim.o(i.HAL_TIM_Base_MspInit) refers to stm32f4xx_hal_cortex.o(i.HAL_NVIC_SetPriority) for HAL_NVIC_SetPriority
    tim.o(i.HAL_TIM_Base_MspInit) refers to stm32f4xx_hal_cortex.o(i.HAL_NVIC_EnableIRQ) for HAL_NVIC_EnableIRQ
    tim.o(i.MX_TIM6_Init) refers to stm32f4xx_hal_tim.o(i.HAL_TIM_Base_Init) for HAL_TIM_Base_Init
    tim.o(i.MX_TIM6_Init) refers to main.o(i.Error_Handler) for Error_Handler
    tim.o(i.MX_TIM6_Init) refers to stm32f4xx_hal_tim_ex.o(i.HAL_TIMEx_MasterConfigSynchronization) for HAL_TIMEx_MasterConfigSynchronization
    tim.o(i.MX_TIM6_Init) refers to tim.o(.bss) for .bss
    usart.o(i.HAL_UART_MspDeInit) refers to stm32f4xx_hal_gpio.o(i.HAL_GPIO_DeInit) for HAL_GPIO_DeInit
    usart.o(i.HAL_UART_MspDeInit) refers to stm32f4xx_hal_dma.o(i.HAL_DMA_DeInit) for HAL_DMA_DeInit
    usart.o(i.HAL_UART_MspDeInit) refers to stm32f4xx_hal_cortex.o(i.HAL_NVIC_DisableIRQ) for HAL_NVIC_DisableIRQ
    usart.o(i.HAL_UART_MspInit) refers to rt_memclr_w.o(.text) for __aeabi_memclr4
    usart.o(i.HAL_UART_MspInit) refers to stm32f4xx_hal_gpio.o(i.HAL_GPIO_Init) for HAL_GPIO_Init
    usart.o(i.HAL_UART_MspInit) refers to stm32f4xx_hal_dma.o(i.HAL_DMA_Init) for HAL_DMA_Init
[...]
    ..\Drivers\MODBUS\Src\modbus_tim.c       0x00000000   Number         0  modbus_tim.o ABSOLUTE
    ..\Drivers\MODBUS\Src\modbus_uart.c      0x00000000   Number         0  modbus_uart.o ABSOLUTE
    ..\Drivers\RTT\SEGGER_RTT.c              0x00000000   Number         0  segger_rtt.o ABSOLUTE
    ..\Drivers\RTT\SEGGER_RTT_printf.c       0x00000000   Number         0  segger_rtt_printf.o ABSOLUTE
    ..\Drivers\STM32F4xx_HAL_Driver\Src\stm32f4xx_hal.c 0x00000000   Number         0  stm32f4xx_hal.o ABSOLUTE
    ..\Drivers\STM32F4xx_HAL_Driver\Src\stm32f4xx_hal_cortex.c 0x00000000   Number         0  stm32f4xx_hal_cortex.o ABSOLUTE
    ..\Drivers\STM32F4xx_HAL_Driver\Src\stm32f4xx_hal_dma.c 0x00000000   Number         0  stm32f4xx_hal_dma.o ABSOLUTE
    ..\Drivers\STM32F4xx_HAL_Driver\Src\stm32f4xx_hal_dma_ex.c 0x00000000   Number         0  stm32f4xx_hal_dma_ex.o ABSOLUTE
    ..\Drivers\STM32F4xx_HAL_Driver\Src\stm32f4xx_hal_exti.c 0x00000000   Number         0  stm32f4xx_hal_exti.o ABSOLUTE
    ..\Drivers\STM32F4xx_HAL_Driver\Src\stm32f4xx_hal_flash.c 0x00000000   Number         0  stm32f4xx_hal_flash.o ABSOLUTE
    ..\Drivers\STM32F4xx_HAL_Driver\Src\stm32f4xx_hal_flash_ex.c 0x00000000   Number         0  stm32f4xx_hal_flash_ex.o ABSOLUTE
    ..\Drivers\STM32F4xx_HAL_Driver\Src\stm32f4xx_hal_flash_ramfunc.c 0x00000000   Number         0  stm32f4xx_hal_flash_ramfunc.o ABSOLUTE
    ..\Drivers\STM32F4xx_HAL_Driver\Src\stm32f4xx_hal_gpio.c 0x00000000   Number         0  stm32f4xx_hal_gpio.o ABSOLUTE
    ..\Drivers\STM32F4xx_HAL_Driver\Src\stm32f4xx_hal_pwr.c 0x00000000   Number         0  stm32f4xx_hal_pwr.o ABSOLUTE
    ..\Drivers\STM32F4xx_HAL_Driver\Src\stm32f4xx_hal_pwr_ex.c 0x00000000   Number         0  stm32f4xx_hal_pwr_ex.o ABSOLUTE
    ..\Drivers\STM32F4xx_HAL_Driver\Src\stm32f4xx_hal_rcc.c 0x00000000   Number         0  stm32f4xx_hal_rcc.o ABSOLUTE
    ..\Drivers\STM32F4xx_HAL_Driver\Src\stm32f4xx_hal_rcc_ex.c 0x00000000   Number         0  stm32f4xx_hal_rcc_ex.o ABSOLUTE
    ..\Drivers\STM32F4xx_HAL_Driver\Src\stm32f4xx_hal_tim.c 0x00000000   Number         0  stm32f4xx_hal_tim.o ABSOLUTE
    ..\Drivers\STM32F4xx_HAL_Driver\Src\stm32f4xx_hal_tim_ex.c 0x00000000   Number         0  stm32f4xx_hal_tim_ex.o ABSOLUTE
    ..\Drivers\STM32F4xx_HAL_Driver\Src\stm32f4xx_hal_uart.c 0x00000000   Number         0  stm32f4xx_hal_uart.o ABSOLUTE
    ..\User\Src\user_app.c                   0x00000000   Number         0  user_app.o ABSOLUTE
    ..\\Drivers\\MODBUS\\Src\\modbus_app.c   0x00000000   Number         0  modbus_app.o ABSOLUTE
    ..\\Drivers\\MODBUS\\Src\\modbus_func.c  0x00000000   Number         0  modbus_func.o ABSOLUTE
    ..\\Drivers\\MODBUS\\Src\\modbus_gpio.c  0x00000000   Number         0  modbus_gpio.o ABSOLUTE
    ..\\Drivers\\MODBUS\\Src\\modbus_task.c  0x00000000   Number         0  modbus_task.o ABSOLUTE
    ..\\Drivers\\MODBUS\\Src\\modbus_tim.c   0x00000000   Number         0  modbus_tim.o ABSOLUTE
    ..\\Drivers\\MODBUS\\Src\\modbus_uart.c  0x00000000   Number         0  modbus_uart.o ABSOLUTE
    ..\\User\\Src\\user_app.c                0x00000000   Number         0  user_app.o ABSOLUTE
    dc.s                                     0x00000000   Number         0  dc.o ABSOLUTE
    startup_stm32f407xx.s                    0x00000000   Number         0  startup_stm32f407xx.o ABSOLUTE
    RESET                                    0x08000000   Section      392  startup_stm32f407xx.o(RESET)
    !!!main                                  0x08000188   Section        8  __main.o(!!!main)
    !!!scatter                               0x08000190   Section       52  __scatter.o(!!!scatter)
    !!handler_copy                           0x080001c4   Section       26  __scatter_copy.o(!!handler_copy)
    !!handler_zi                             0x080001e0   Section       28  __scatter_zi.o(!!handler_zi)
    .ARM.Collect$$libinit$$00000000          0x080001fc   Section        2  libinit.o(.ARM.Collect$$libinit$$00000000)
    .ARM.Collect$$libinit$$00000001          0x080001fe   Section        4  libinit2.o(.ARM.Collect$$libinit$$00000001)
    .ARM.Collect$$libinit$$00000004          0x08000202   Section        0  libinit2.o(.ARM.Collect$$libinit$$00000004)
    .ARM.Collect$$libinit$$0000000A          0x08000202   Section        0  libinit2.o(.ARM.Collect$$libinit$$0000000A)
    .ARM.Collect$$libinit$$0000000C          0x08000202   Section        0  libinit2.o(.ARM.Collect$$libinit$$0000000C)
    .ARM.Collect$$libinit$$0000000E          0x08000202   Section        0  libinit2.o(.ARM.Collect$$libinit$$0000000E)
    .ARM.Collect$$libinit$$00000011          0x08000202   Section        0  libinit2.o(.ARM.Collect$$libinit$$00000011)
    .ARM.Collect$$libinit$$00000013          0x08000202   Section        0  libinit2.o(.ARM.Collect$$libinit$$00000013)
    .ARM.Collect$$libinit$$00000015          0x08000202   Section        0  libinit2.o(.ARM.Collect$$libinit$$00000015)
    .ARM.Collect$$libinit$$00000017          0x08000202   Section        0  libinit2.o(.ARM.Collect$$libinit$$00000017)
    .ARM.Collect$$libinit$$00000019          0x08000202   Section        0  libinit2.o(.ARM.Collect$$libinit$$00000019)
    .ARM.Collect$$libinit$$0000001B          0x08000202   Section        0  libinit2.o(.ARM.Collect$$libinit$$0000001B)
    .ARM.Collect$$libinit$$0000001D          0x08000202   Section        0  libinit2.o(.ARM.Collect$$libinit$$0000001D)
    .ARM.Collect$$libinit$$0000001F          0x08000202   Section        0  libinit2.o(.ARM.Collect$$libinit$$0000001F)
    .ARM.Collect$$libinit$$00000021          0x08000202   Section        0  libinit2.o(.ARM.Collect$$libinit$$00000021)
    .ARM.Collect$$libinit$$00000023          0x08000202   Section        0  libinit2.o(.ARM.Collect$$libinit$$00000023)
    .ARM.Collect$$libinit$$00000025          0x08000202   Section        0  libinit2.o(.ARM.Collect$$libinit$$00000025)
    .ARM.Collect$$libinit$$0000002C          0x08000202   Section        0  libinit2.o(.ARM.Collect$$libinit$$0000002C)
    .ARM.Collect$$libinit$$0000002E          0x08000202   Section        0  libinit2.o(.ARM.Collect$$libinit$$0000002E)
    .ARM.Collect$$libinit$$00000030          0x08000202   Section        0  libinit2.o(.ARM.Collect$$libinit$$00000030)
    .ARM.Collect$$libinit$$00000032          0x08000202   Section        0  libinit2.o(.ARM.Collect$$libinit$$00000032)
    .ARM.Collect$$libinit$$00000033          0x08000202   Section        2  libinit2.o(.ARM.Collect$$libinit$$00000033)
    .ARM.Collect$$libshutdown$$00000000      0x08000204   Section        2  libshutdown.o(.ARM.Collect$$libshutdown$$00000000)
    .ARM.Collect$$libshutdown$$00000002      0x08000206   Section        0  libshutdown2.o(.ARM.Collect$$libshutdown$$00000002)
    .ARM.Collect$$libshutdown$$00000004      0x08000206   Section        0  libshutdown2.o(.ARM.Collect$$libshutdown$$00000004)
    .ARM.Collect$$libshutdown$$00000006      0x08000206   Section        0  libshutdown2.o(.ARM.Collect$$libshutdown$$00000006)
    .ARM.Collect$$libshutdown$$00000009      0x08000206   Section        0  libshutdown2.o(.ARM.Collect$$libshutdown$$00000009)
    .ARM.Collect$$libshutdown$$0000000C      0x08000206   Section        0  libshutdown2.o(.ARM.Collect$$libshutdown$$0000000C)
    .ARM.Collect$$libshutdown$$0000000E      0x08000206   Section        0  libshutdown2.o(.ARM.Collect$$libshutdown$$0000000E)
    .ARM.Collect$$libshutdown$$00000011      0x08000206   Section        0  libshutdown2.o(.ARM.Collect$$libshutdown$$00000011)
    .ARM.Collect$$libshutdown$$00000012      0x08000206   Section        2  libshutdown2.o(.ARM.Collect$$libshutdown$$00000012)
    .ARM.Collect$$rtentry$$00000000          0x08000208   Section        0  __rtentry.o(.ARM.Collect$$rtentry$$00000000)
    .ARM.Collect$$rtentry$$00000002          0x08000208   Section        0  __rtentry2.o(.ARM.Collect$$rtentry$$00000002)
    .ARM.Collect$$rtentry$$00000004          0x08000208   Section        6  __rtentry4.o(.ARM.Collect$$rtentry$$00000004)
    .ARM.Collect$$rtentry$$00000009          0x0800020e   Section        0  __rtentry2.o(.ARM.Collect$$rtentry$$00000009)
    .ARM.Collect$$rtentry$$0000000A          0x0800020e   Section        4  __rtentry2.o(.ARM.Collect$$rtentry$$0000000A)
    .ARM.Collect$$rtentry$$0000000C          0x08000212   Section        0  __rtentry2.o(.ARM.Collect$$rtentry$$0000000C)
    .ARM.Collect$$rtentry$$0000000D          0x08000212   Section        8  __rtentry2.o(.ARM.Collect$$rtentry$$0000000D)
    .ARM.Collect$$rtexit$$00000000           0x0800021a   Section        2  rtexit.o(.ARM.Collect$$rtexit$$00000000)
    .ARM.Collect$$rtexit$$00000002           0x0800021c   Section        0  rtexit2.o(.ARM.Collect$$rtexit$$00000002)
    .ARM.Collect$$rtexit$$00000003           0x0800021c   Section        4  rtexit2.o(.ARM.Collect$$rtexit$$00000003)
    .ARM.Collect$$rtexit$$00000004           0x08000220   Section        6  rtexit2.o(.ARM.Collect$$rtexit$$00000004)
    .text                                    0x08000228   Section       64  startup_stm32f407xx.o(.text)
    $v0                                      0x08000228   Number         0  startup_stm32f407xx.o(.text)
    .text                                    0x08000268   Section      238  lludivv7m.o(.text)
    .text                                    0x08000356   Section        0  strcpy.o(.text)
    .text                                    0x0800039e   Section      138  rt_memcpy_v6.o(.text)
    .text                                    0x08000428   Section       68  rt_memclr.o(.text)
    .text                                    0x0800046c   Section       78  rt_memclr_w.o(.text)
    .text                                    0x080004ba   Section        0  heapauxi.o(.text)
    .text                                    0x080004c0   Section      100  rt_memcpy_w.o(.text)
    .text                                    0x08000524   Section       74  sys_stackheap_outer.o(.text)
    .text                                    0x0800056e   Section        0  exit.o(.text)
    .text                                    0x08000580   Section        8  libspace.o(.text)
    .text                                    0x08000588   Section        0  sys_exit.o(.text)
    .text                                    0x08000594   Section        2  use_no_semi.o(.text)
    .text                                    0x08000596   Section        0  indicate_semi.o(.text)
    i.BusFault_Handler                       0x08000596   Section        0  stm32f4xx_it.o(i.BusFault_Handler)
    i.DMA1_Stream5_IRQHandler                0x08000598   Section        0  stm32f4xx_it.o(i.DMA1_Stream5_IRQHandler)
    i.DMA1_Stream6_IRQHandler                0x080005a4   Section        0  stm32f4xx_it.o(i.DMA1_Stream6_IRQHandler)
    i.DMA_CalcBaseAndBitshift                0x080005b0   Section        0  stm32f4xx_hal_dma.o(i.DMA_CalcBaseAndBitshift)
    DMA_CalcBaseAndBitshift                  0x080005b1   Thumb Code    34  stm32f4xx_hal_dma.o(i.DMA_CalcBaseAndBitshift)
    i.DMA_CheckFifoParam                     0x080005d8   Section        0  stm32f4xx_hal_dma.o(i.DMA_CheckFifoParam)
    DMA_CheckFifoParam                       0x080005d9   Thumb Code    84  stm32f4xx_hal_dma.o(i.DMA_CheckFifoParam)
    i.DMA_SetConfig                          0x0800062c   Section        0  stm32f4xx_hal_dma.o(i.DMA_SetConfig)
    DMA_SetConfig                            0x0800062d   Thumb Code    40  stm32f4xx_hal_dma.o(i.DMA_SetConfig)
    i.DebugMon_Handler                       0x08000654   Section        0  stm32f4xx_it.o(i.DebugMon_Handler)
    i.Error_Handler                          0x08000656   Section        0  main.o(i.Error_Handler)
    i.HAL_DMA_Abort                          0x0800065a   Section        0  stm32f4xx_hal_dma.o(i.HAL_DMA_Abort)
    i.HAL_DMA_Abort_IT                       0x080006ec   Section        0  stm32f4xx_hal_dma.o(i.HAL_DMA_Abort_IT)
    i.HAL_DMA_DeInit                         0x08000710   Section        0  stm32f4xx_hal_dma.o(i.HAL_DMA_DeInit)
    i.HAL_DMA_IRQHandler                     0x08000774   Section        0  stm32f4xx_hal_dma.o(i.HAL_DMA_IRQHandler)
    i.HAL_DMA_Init                           0x08000914   Section        0  stm32f4xx_hal_dma.o(i.HAL_DMA_Init)
    i.HAL_DMA_Start_IT                       0x080009e8   Section        0  stm32f4xx_hal_dma.o(i.HAL_DMA_Start_IT)
    i.HAL_Delay                              0x08000a58   Section        0  stm32f4xx_hal.o(i.HAL_Delay)
    i.HAL_GPIO_DeInit                        0x08000a7c   Section        0  stm32f4xx_hal_gpio.o(i.HAL_GPIO_DeInit)
    i.HAL_GPIO_Init                          0x08000be4   Section        0  stm32f4xx_hal_gpio.o(i.HAL_GPIO_Init)
    i.HAL_GPIO_WritePin                      0x08000dd4   Section        0  stm32f4xx_hal_gpio.o(i.HAL_GPIO_WritePin)
    i.HAL_GetTick                            0x08000de0   Section        0  stm32f4xx_hal.o(i.HAL_GetTick)
    i.HAL_IncTick                            0x08000dec   Section        0  stm32f4xx_hal.o(i.HAL_IncTick)
    i.HAL_Init                               0x08000dfc   Section        0  stm32f4xx_hal.o(i.HAL_Init)
    i.HAL_InitTick                           0x08000e30   Section        0  stm32f4xx_hal.o(i.HAL_InitTick)
    i.HAL_MspInit                            0x08000e70   Section        0  stm32f4xx_hal_msp.o(i.HAL_MspInit)
    i.HAL_NVIC_DisableIRQ                    0x08000ea0   Section        0  stm32f4xx_hal_cortex.o(i.HAL_NVIC_DisableIRQ)
    i.HAL_NVIC_EnableIRQ                     0x08000ec2   Section        0  stm32f4xx_hal_cortex.o(i.HAL_NVIC_EnableIRQ)
    i.HAL_NVIC_SetPriority                   0x08000edc   Section        0  stm32f4xx_hal_cortex.o(i.HAL_NVIC_SetPriority)
    i.HAL_NVIC_SetPriorityGrouping           0x08000f1c   Section        0  stm32f4xx_hal_cortex.o(i.HAL_NVIC_SetPriorityGrouping)
    i.HAL_RCC_ClockConfig                    0x08000f40   Section        0  stm32f4xx_hal_rcc.o(i.HAL_RCC_ClockConfig)
    i.HAL_RCC_GetPCLK1Freq                   0x08001074   Section        0  stm32f4xx_hal_rcc.o(i.HAL_RCC_GetPCLK1Freq)
    i.HAL_RCC_GetPCLK2Freq                   0x08001094   Section        0  stm32f4xx_hal_rcc.o(i.HAL_RCC_GetPCLK2Freq)
    i.HAL_RCC_GetSysClockFreq                0x080010b4   Section        0  stm32f4xx_hal_rcc.o(i.HAL_RCC_GetSysClockFreq)
    i.HAL_RCC_OscConfig                      0x08001114   Section        0  stm32f4xx_hal_rcc.o(i.HAL_RCC_OscConfig)
    i.HAL_SYSTICK_Config                     0x08001480   Section        0  stm32f4xx_hal_cortex.o(i.HAL_SYSTICK_Config)
    i.HAL_TIMEx_BreakCallback                0x080014a8   Section        0  stm32f4xx_hal_tim_ex.o(i.HAL_TIMEx_BreakCallback)
    i.HAL_TIMEx_CommutCallback               0x080014aa   Section        0  stm32f4xx_hal_tim_ex.o(i.HAL_TIMEx_CommutCallback)
    i.HAL_TIMEx_MasterConfigSynchronization  0x080014ac   Section        0  stm32f4xx_hal_tim_ex.o(i.HAL_TIMEx_MasterConfigSynchronization)
    i.HAL_TIM_Base_Init                      0x0800153c   Section        0  stm32f4xx_hal_tim.o(i.HAL_TIM_Base_Init)
    i.HAL_TIM_Base_MspInit                   0x08001598   Section        0  tim.o(i.HAL_TIM_Base_MspInit)
    i.HAL_TIM_Base_Start_IT                  0x080015d4   Section        0  stm32f4xx_hal_tim.o(i.HAL_TIM_Base_Start_IT)
    i.HAL_TIM_IC_CaptureCallback             0x08001654   Section        0  stm32f4xx_hal_tim.o(i.HAL_TIM_IC_CaptureCallback)
    i.HAL_TIM_IRQHandler                     0x08001656   Section        0  stm32f4xx_hal_tim.o(i.HAL_TIM_IRQHandler)
    i.HAL_TIM_OC_DelayElapsedCallback        0x08001786   Section        0  stm32f4xx_hal_tim.o(i.HAL_TIM_OC_DelayElapsedCallback)
    i.HAL_TIM_PWM_PulseFinishedCallback      0x08001788   Section        0  stm32f4xx_hal_tim.o(i.HAL_TIM_PWM_PulseFinishedCallback)
    i.HAL_TIM_PeriodElapsedCallback          0x0800178a   Section        0  stm32f4xx_hal_tim.o(i.HAL_TIM_PeriodElapsedCallback)
    i.HAL_TIM_TriggerCallback                0x0800178c   Section        0  stm32f4xx_hal_tim.o(i.HAL_TIM_TriggerCallback)
    i.HAL_UARTEx_ReceiveToIdle_DMA           0x0800178e   Section        0  stm32f4xx_hal_uart.o(i.HAL_UARTEx_ReceiveToIdle_DMA)
    i.HAL_UARTEx_RxEventCallback             0x080017dc   Section        0  modbus_uart.o(i.HAL_UARTEx_RxEventCallback)
    i.HAL_UART_DMAStop                       0x08001800   Section        0  stm32f4xx_hal_uart.o(i.HAL_UART_DMAStop)
    i.HAL_UART_DeInit                        0x08001870   Section        0  stm32f4xx_hal_uart.o(i.HAL_UART_DeInit)
    i.HAL_UART_ErrorCallback                 0x080018a6   Section        0  stm32f4xx_hal_uart.o(i.HAL_UART_ErrorCallback)
    i.HAL_UART_IRQHandler                    0x080018a8   Section        0  stm32f4xx_hal_uart.o(i.HAL_UART_IRQHandler)
    i.HAL_UART_Init                          0x08001b18   Section        0  stm32f4xx_hal_uart.o(i.HAL_UART_Init)
    i.HAL_UART_MspDeInit                     0x08001b7c   Section        0  usart.o(i.HAL_UART_MspDeInit)
    i.HAL_UART_MspInit                       0x08001bc0   Section        0  usart.o(i.HAL_UART_MspInit)
    i.HAL_UART_RxCpltCallback                0x08001ca8   Section        0  stm32f4xx_hal_uart.o(i.HAL_UART_RxCpltCallback)
    i.HAL_UART_RxHalfCpltCallback            0x08001caa   Section        0  stm32f4xx_hal_uart.o(i.HAL_UART_RxHalfCpltCallback)
    i.HAL_UART_Transmit_DMA                  0x08001cac   Section        0  stm32f4xx_hal_uart.o(i.HAL_UART_Transmit_DMA)
    i.HAL_UART_TxCpltCallback                0x08001d24   Section        0  modbus_uart.o(i.HAL_UART_TxCpltCallback)
    i.HAL_UART_TxHalfCpltCallback            0x08001d40   Section        0  stm32f4xx_hal_uart.o(i.HAL_UART_TxHalfCpltCallback)
    i.HardFault_Handler                      0x08001d42   Section        0  stm32f4xx_it.o(i.HardFault_Handler)
    i.MX_DMA_Init                            0x08001d44   Section        0  dma.o(i.MX_DMA_Init)
    i.MX_GPIO_Init                           0x08001d80   Section        0  gpio.o(i.MX_GPIO_Init)
    i.MX_TIM6_Init                           0x08001e38   Section        0  tim.o(i.MX_TIM6_Init)
    i.MX_USART2_UART_Init                    0x08001e7c   Section        0  usart.o(i.MX_USART2_UART_Init)
    i.MemManage_Handler                      0x08001eb4   Section        0  stm32f4xx_it.o(i.MemManage_Handler)
    i.Modbus_Init                            0x08001eb8   Section        0  modbus_app.o(i.Modbus_Init)
    i.NMI_Handler                            0x08001ed4   Section        0  stm32f4xx_it.o(i.NMI_Handler)
    i.PendSV_Handler                         0x08001ed6   Section        0  stm32f4xx_it.o(i.PendSV_Handler)
    i.SEGGER_RTT_Write                       0x08001ed8   Section        0  segger_rtt.o(i.SEGGER_RTT_Write)
    i.SEGGER_RTT_WriteNoLock                 0x08001f10   Section        0  segger_rtt.o(i.SEGGER_RTT_WriteNoLock)
    i.SEGGER_RTT_printf                      0x08001f6c   Section        0  segger_rtt_printf.o(i.SEGGER_RTT_printf)
    i.SEGGER_RTT_vprintf                     0x08001f82   Section        0  segger_rtt_printf.o(i.SEGGER_RTT_vprintf)
    i.SVC_Handler                            0x08002118   Section        0  stm32f4xx_it.o(i.SVC_Handler)
    i.SysTick_Handler                        0x0800211a   Section        0  stm32f4xx_it.o(i.SysTick_Handler)
    i.SystemClock_Config                     0x08002120   Section        0  main.o(i.SystemClock_Config)
    i.SystemInit                             0x080021b4   Section        0  system_stm32f4xx.o(i.SystemInit)
    i.TIM6_DAC_IRQHandler                    0x080021c4   Section        0  modbus_tim.o(i.TIM6_DAC_IRQHandler)
    i.TIM_Base_SetConfig                     0x080021e4   Section        0  stm32f4xx_hal_tim.o(i.TIM_Base_SetConfig)
    i.UART_DMAAbortOnError                   0x080022bc   Section        0  stm32f4xx_hal_uart.o(i.UART_DMAAbortOnError)
    UART_DMAAbortOnError                     0x080022bd   Thumb Code    16  stm32f4xx_hal_uart.o(i.UART_DMAAbortOnError)
    i.UART_DMAError                          0x080022cc   Section        0  stm32f4xx_hal_uart.o(i.UART_DMAError)
    UART_DMAError                            0x080022cd   Thumb Code    74  stm32f4xx_hal_uart.o(i.UART_DMAError)
    i.UART_DMAReceiveCplt                    0x08002316   Section        0  stm32f4xx_hal_uart.o(i.UART_DMAReceiveCplt)
    UART_DMAReceiveCplt                      0x08002317   Thumb Code   134  stm32f4xx_hal_uart.o(i.UART_DMAReceiveCplt)
    i.UART_DMARxHalfCplt                     0x0800239c   Section        0  stm32f4xx_hal_uart.o(i.UART_DMARxHalfCplt)
    UART_DMARxHalfCplt                       0x0800239d   Thumb Code    30  stm32f4xx_hal_uart.o(i.UART_DMARxHalfCplt)
    i.UART_DMATransmitCplt                   0x080023ba   Section        0  stm32f4xx_hal_uart.o(i.UART_DMATransmitCplt)
    UART_DMATransmitCplt                     0x080023bb   Thumb Code    66  stm32f4xx_hal_uart.o(i.UART_DMATransmitCplt)
    i.UART_DMATxHalfCplt                     0x080023fc   Section        0  stm32f4xx_hal_uart.o(i.UART_DMATxHalfCplt)
    UART_DMATxHalfCplt                       0x080023fd   Thumb Code    10  stm32f4xx_hal_uart.o(i.UART_DMATxHalfCplt)
    i.UART_EndRxTransfer                     0x08002406   Section        0  stm32f4xx_hal_uart.o(i.UART_EndRxTransfer)
    UART_EndRxTransfer                       0x08002407   Thumb Code    78  stm32f4xx_hal_uart.o(i.UART_EndRxTransfer)
    i.UART_EndTxTransfer                     0x08002454   Section        0  stm32f4xx_hal_uart.o(i.UART_EndTxTransfer)
    UART_EndTxTransfer                       0x08002455   Thumb Code    28  stm32f4xx_hal_uart.o(i.UART_EndTxTransfer)
    i.UART_Receive_IT                        0x08002470   Section        0  stm32f4xx_hal_uart.o(i.UART_Receive_IT)
    UART_Receive_IT                          0x08002471   Thumb Code   194  stm32f4xx_hal_uart.o(i.UART_Receive_IT)
    i.UART_SetConfig                         0x08002534   Section        0  stm32f4xx_hal_uart.o(i.UART_SetConfig)
    UART_SetConfig                           0x08002535   Thumb Code   258  stm32f4xx_hal_uart.o(i.UART_SetConfig)
    i.UART_Start_Receive_DMA                 0x08002640   Section        0  stm32f4xx_hal_uart.o(i.UART_Start_Receive_DMA)
    i.USART2_IRQHandler                      0x080026d0   Section        0  modbus_uart.o(i.USART2_IRQHandler)
    i.USR_UART_Print_CMD                     0x080026dc   Section        0  modbus_uart.o(i.USR_UART_Print_CMD)
    i.USR_UART_Receive_DMA                   0x080027a4   Section        0  modbus_uart.o(i.USR_UART_Receive_DMA)
    i.USR_UART_Repair                        0x080027f4   Section        0  modbus_uart.o(i.USR_UART_Repair)
    i.USR_UART_Transmit_DMA                  0x08002810   Section        0  modbus_uart.o(i.USR_UART_Transmit_DMA)
    i.USR_UART_Unstable                      0x08002868   Section        0  modbus_uart.o(i.USR_UART_Unstable)
    i.UsageFault_Handler                     0x08002908   Section        0  stm32f4xx_it.o(i.UsageFault_Handler)
    i._DoInit                                0x0800290c   Section        0  segger_rtt.o(i._DoInit)
    _DoInit                                  0x0800290d   Thumb Code    76  segger_rtt.o(i._DoInit)
    i._GetAvailWriteSpace                    0x08002974   Section        0  segger_rtt.o(i._GetAvailWriteSpace)
    _GetAvailWriteSpace                      0x08002975   Thumb Code    22  segger_rtt.o(i._GetAvailWriteSpace)
    i._PrintInt                              0x0800298c   Section        0  segger_rtt_printf.o(i._PrintInt)
    _PrintInt                                0x0800298d   Thumb Code   198  segger_rtt_printf.o(i._PrintInt)
    i._PrintUnsigned                         0x08002a54   Section        0  segger_rtt_printf.o(i._PrintUnsigned)
    _PrintUnsigned                           0x08002a55   Thumb Code   206  segger_rtt_printf.o(i._PrintUnsigned)
    i._StoreChar                             0x08002b28   Section        0  segger_rtt_printf.o(i._StoreChar)
    _StoreChar                               0x08002b29   Thumb Code    62  segger_rtt_printf.o(i._StoreChar)
    i._WriteBlocking                         0x08002b66   Section        0  segger_rtt.o(i._WriteBlocking)
    _WriteBlocking                           0x08002b67   Thumb Code    90  segger_rtt.o(i._WriteBlocking)
    i._WriteNoCheck                          0x08002bc0   Section        0  segger_rtt.o(i._WriteNoCheck)
    _WriteNoCheck                            0x08002bc1   Thumb Code    66  segger_rtt.o(i._WriteNoCheck)
    i.__NVIC_SetPriority                     0x08002c02   Section        0  stm32f4xx_hal_cortex.o(i.__NVIC_SetPriority)
    __NVIC_SetPriority                       0x08002c03   Thumb Code    32  stm32f4xx_hal_cortex.o(i.__NVIC_SetPriority)
    i.app_entry                              0x08002c22   Section        0  user_app.o(i.app_entry)
    i.main                                   0x08002c26   Section        0  main.o(i.main)
    i.mbCal_CRC16                            0x08002c44   Section        0  modbus_func.o(i.mbCal_CRC16)
    i.mbConv_Buf_2_Coils                     0x08002c78   Section        0  modbus_func.o(i.mbConv_Buf_2_Coils)
    i.mbConv_Buf_2_Regs                      0x08002cc8   Section        0  modbus_func.o(i.mbConv_Buf_2_Regs)
    i.mbConv_Coils_2_Buf                     0x08002cf2   Section        0  modbus_func.o(i.mbConv_Coils_2_Buf)
    i.mbConv_Regs_2_Buf                      0x08002d44   Section        0  modbus_func.o(i.mbConv_Regs_2_Buf)
    i.mbMemClr_Cmd                           0x08002d78   Section        0  modbus_func.o(i.mbMemClr_Cmd)
    i.mbMemCpy_Buf                           0x08002da4   Section        0  modbus_func.o(i.mbMemCpy_Buf)
    i.mbSlave_Callback                       0x08002dc4   Section        0  modbus_task.o(i.mbSlave_Callback)
    i.mbSlave_Init                           0x08002df8   Section        0  modbus_app.o(i.mbSlave_Init)
    i.mbSlave_Poll                           0x08002e1c   Section        0  modbus_task.o(i.mbSlave_Poll)
    i.mbSlave_Processing_Request             0x08002ed0   Section        0  modbus_func.o(i.mbSlave_Processing_Request)
    i.mbSlave_Read_Coils                     0x08002ff0   Section        0  modbus_func.o(i.mbSlave_Read_Coils)
    i.mbSlave_Read_Holdings                  0x0800300c   Section        0  modbus_func.o(i.mbSlave_Read_Holdings)
    i.mbSlave_Structuring_Response           0x0800302c   Section        0  modbus_func.o(i.mbSlave_Structuring_Response)
    i.mbSlave_Test                           0x08003148   Section        0  modbus_app.o(i.mbSlave_Test)
    i.mbSlave_Write_Single_Reg               0x08003164   Section        0  modbus_func.o(i.mbSlave_Write_Single_Reg)
    i.mbVerify_Is_Same_Crc16                 0x08003170   Section        0  modbus_func.o(i.mbVerify_Is_Same_Crc16)
    i.mbVerify_Is_Valid_DataLen              0x08003190   Section        0  modbus_func.o(i.mbVerify_Is_Valid_DataLen)
    i.mbVerify_Is_Valid_FxCode               0x080031a2   Section        0  modbus_func.o(i.mbVerify_Is_Valid_FxCode)
    x$fpl$fpinit                             0x080031d8   Section       10  fpinit.o(x$fpl$fpinit)
    $v0                                      0x080031d8   Number         0  fpinit.o(x$fpl$fpinit)
    .constdata                               0x080031e2   Section        8  stm32f4xx_hal_dma.o(.constdata)
    flagBitshiftOffset                       0x080031e2   Data           8  stm32f4xx_hal_dma.o(.constdata)
    .constdata                               0x080031ea   Section       16  system_stm32f4xx.o(.constdata)
    .constdata                               0x080031fa   Section        8  system_stm32f4xx.o(.constdata)
    .constdata                               0x08003202   Section       16  segger_rtt_printf.o(.constdata)
    _aV2C                                    0x08003202   Data          16  segger_rtt_printf.o(.constdata)
    .data                                    0x20000000   Section       12  stm32f4xx_hal.o(.data)
    .data                                    0x2000000c   Section        4  system_stm32f4xx.o(.data)
    .data                                    0x20000010   Section        4  modbus_tim.o(.data)
    .data                                    0x20000014   Section        2  modbus_uart.o(.data)
    .bss                                     0x20000018   Section       72  tim.o(.bss)
    .bss                                     0x20000060   Section      264  usart.o(.bss)
    .bss                                     0x20000168   Section     1208  segger_rtt.o(.bss)
    _acUpBuffer                              0x20000210   Data        1024  segger_rtt.o(.bss)
    _acDownBuffer                            0x20000610   Data          16  segger_rtt.o(.bss)
    .bss                                     0x20000620   Section       12  modbus_task.o(.bss)
    .bss                                     0x2000062c   Section    11312  modbus_func.o(.bss)
    .bss                                     0x2000325c   Section     1024  modbus_uart.o(.bss)
    .bss                                     0x2000365c   Section       96  libspace.o(.bss)
    HEAP                                     0x200036c0   Section      512  startup_stm32f407xx.o(HEAP)
    Heap_Mem                                 0x200036c0   Data         512  startup_stm32f407xx.o(HEAP)
    STACK                                    0x200038c0   Section     1024  startup_stm32f407xx.o(STACK)
    Stack_Mem                                0x200038c0   Data        1024  startup_stm32f407xx.o(STACK)
    __initial_sp                             0x20003cc0   Data           0  startup_stm32f407xx.o(STACK)

    Global Symbols

    Symbol Name                              Value     Ov Type        Size  Object(Section)

    BuildAttributes$$THM_ISAv4$E$P$D$K$B$S$7EM$VFPi3$EXTD16$VFPS$VFMA$PE$A:L22UL41UL21$X:L11$S22US41US21$IEEE1$IW$USESV6$~STKCKD$USESV7$~SHL$OSPACE$ROPI$EBA8$UX$STANDARDLIB$REQ8$PRES8$EABIv2 0x00000000   Number         0  anon$$obj.o ABSOLUTE
    __ARM_use_no_argv                        0x00000000   Number         0  main.o ABSOLUTE
    __ARM_exceptions_init                     - Undefined Weak Reference
    __alloca_initialize                       - Undefined Weak Reference
    __arm_fini_                               - Undefined Weak Reference
    __arm_preinit_                            - Undefined Weak Reference
    __cpp_initialize__aeabi_                  - Undefined Weak Reference
    __cxa_finalize                            - Undefined Weak Reference
    __rt_locale                               - Undefined Weak Reference
    __sigvec_lookup                           - Undefined Weak Reference
    _atexit_init                              - Undefined Weak Reference
    _call_atexit_fns                          - Undefined Weak Reference
    _clock_init                               - Undefined Weak Reference
    _fp_trap_init                             - Undefined Weak Reference
    _fp_trap_shutdown                         - Undefined Weak Reference
    _get_lc_collate                           - Undefined Weak Reference
    _get_lc_ctype                             - Undefined Weak Reference
    _get_lc_monetary                          - Undefined Weak Reference
    _get_lc_numeric                           - Undefined Weak Reference
    _get_lc_time                              - Undefined Weak Reference
    _getenv_init                              - Undefined Weak Reference
    _handle_redirection                       - Undefined Weak Reference
    _init_alloc                               - Undefined Weak Reference
    _init_user_alloc                          - Undefined Weak Reference
    _initio                                   - Undefined Weak Reference
    _rand_init                                - Undefined Weak Reference
    _signal_finish                            - Undefined Weak Reference
    _signal_init                              - Undefined Weak Reference
    _terminate_alloc                          - Undefined Weak Reference
    _terminate_user_alloc                     - Undefined Weak Reference
    _terminateio                              - Undefined Weak Reference
    __Vectors_Size                           0x00000188   Number         0  startup_stm32f407xx.o ABSOLUTE
    __Vectors                                0x08000000   Data           4  startup_stm32f407xx.o(RESET)
    __Vectors_End                            0x08000188   Data           0  startup_stm32f407xx.o(RESET)
    __main                                   0x08000189   Thumb Code     8  __main.o(!!!main)
    __scatterload                            0x08000191   Thumb Code     0  __scatter.o(!!!scatter)
    __scatterload_rt2                        0x08000191   Thumb Code    44  __scatter.o(!!!scatter)
    __scatterload_rt2_thumb_only             0x08000191   Thumb Code     0  __scatter.o(!!!scatter)
    __scatterload_null                       0x0800019f   Thumb Code     0  __scatter.o(!!!scatter)
    __scatterload_copy                       0x080001c5   Thumb Code    26  __scatter_copy.o(!!handler_copy)
    __scatterload_zeroinit                   0x080001e1   Thumb Code    28  __scatter_zi.o(!!handler_zi)
    __rt_lib_init                            0x080001fd   Thumb Code     0  libinit.o(.ARM.Collect$$libinit$$00000000)
    __rt_lib_init_fp_1                       0x080001ff   Thumb Code     0  libinit2.o(.ARM.Collect$$libinit$$00000001)
    __rt_lib_init_alloca_1                   0x08000203   Thumb Code     0  libinit2.o(.ARM.Collect$$libinit$$0000002E)
    __rt_lib_init_argv_1                     0x08000203   Thumb Code     0  libinit2.o(.ARM.Collect$$libinit$$0000002C)
    __rt_lib_init_atexit_1                   0x08000203   Thumb Code     0  libinit2.o(.ARM.Collect$$libinit$$0000001B)
    __rt_lib_init_clock_1                    0x08000203   Thumb Code     0  libinit2.o(.ARM.Collect$$libinit$$00000021)
    __rt_lib_init_cpp_1                      0x08000203   Thumb Code     0  libinit2.o(.ARM.Collect$$libinit$$00000032)
    __rt_lib_init_exceptions_1               0x08000203   Thumb Code     0  libinit2.o(.ARM.Collect$$libinit$$00000030)
    __rt_lib_init_fp_trap_1                  0x08000203   Thumb Code     0  libinit2.o(.ARM.Collect$$libinit$$0000001F)
    __rt_lib_init_getenv_1                   0x08000203   Thumb Code     0  libinit2.o(.ARM.Collect$$libinit$$00000023)
    __rt_lib_init_heap_1                     0x08000203   Thumb Code     0  libinit2.o(.ARM.Collect$$libinit$$0000000A)
    __rt_lib_init_lc_collate_1               0x08000203   Thumb Code     0  libinit2.o(.ARM.Collect$$libinit$$00000011)
    __rt_lib_init_lc_ctype_1                 0x08000203   Thumb Code     0  libinit2.o(.ARM.Collect$$libinit$$00000013)
    __rt_lib_init_lc_monetary_1              0x08000203   Thumb Code     0  libinit2.o(.ARM.Collect$$libinit$$00000015)
    __rt_lib_init_lc_numeric_1               0x08000203   Thumb Code     0  libinit2.o(.ARM.Collect$$libinit$$00000017)
    __rt_lib_init_lc_time_1                  0x08000203   Thumb Code     0  libinit2.o(.ARM.Collect$$libinit$$00000019)
    __rt_lib_init_preinit_1                  0x08000203   Thumb Code     0  libinit2.o(.ARM.Collect$$libinit$$00000004)
    __rt_lib_init_rand_1                     0x08000203   Thumb Code     0  libinit2.o(.ARM.Collect$$libinit$$0000000E)
    __rt_lib_init_return                     0x08000203   Thumb Code     0  libinit2.o(.ARM.Collect$$libinit$$00000033)
    __rt_lib_init_signal_1                   0x08000203   Thumb Code     0  libinit2.o(.ARM.Collect$$libinit$$0000001D)
    __rt_lib_init_stdio_1                    0x08000203   Thumb Code     0  libinit2.o(.ARM.Collect$$libinit$$00000025)
    __rt_lib_init_user_alloc_1               0x08000203   Thumb Code     0  libinit2.o(.ARM.Collect$$libinit$$0000000C)
    __rt_lib_shutdown                        0x08000205   Thumb Code     0  libshutdown.o(.ARM.Collect$$libshutdown$$00000000)
    __rt_lib_shutdown_cpp_1                  0x08000207   Thumb Code     0  libshutdown2.o(.ARM.Collect$$libshutdown$$00000004)
    __rt_lib_shutdown_fini_1                 0x08000207   Thumb Code     0  libshutdown2.o(.ARM.Collect$$libshutdown$$00000002)
    __rt_lib_shutdown_fp_trap_1              0x08000207   Thumb Code     0  libshutdown2.o(.ARM.Collect$$libshutdown$$00000009)
    __rt_lib_shutdown_heap_1                 0x08000207   Thumb Code     0  libshutdown2.o(.ARM.Collect$$libshutdown$$00000011)
    __rt_lib_shutdown_return                 0x08000207   Thumb Code     0  libshutdown2.o(.ARM.Collect$$libshutdown$$00000012)
    __rt_lib_shutdown_signal_1               0x08000207   Thumb Code     0  libshutdown2.o(.ARM.Collect$$libshutdown$$0000000C)
    __rt_lib_shutdown_stdio_1                0x08000207   Thumb Code     0  libshutdown2.o(.ARM.Collect$$libshutdown$$00000006)
    __rt_lib_shutdown_user_alloc_1           0x08000207   Thumb Code     0  libshutdown2.o(.ARM.Collect$$libshutdown$$0000000E)
    __rt_entry                               0x08000209   Thumb Code     0  __rtentry.o(.ARM.Collect$$rtentry$$00000000)
    __rt_entry_presh_1                       0x08000209   Thumb Code     0  __rtentry2.o(.ARM.Collect$$rtentry$$00000002)
    __rt_entry_sh                            0x08000209   Thumb Code     0  __rtentry4.o(.ARM.Collect$$rtentry$$00000004)
    __rt_entry_li                            0x0800020f   Thumb Code     0  __rtentry2.o(.ARM.Collect$$rtentry$$0000000A)
    __rt_entry_postsh_1                      0x0800020f   Thumb Code     0  __rtentry2.o(.ARM.Collect$$rtentry$$00000009)
    __rt_entry_main                          0x08000213   Thumb Code     0  __rtentry2.o(.ARM.Collect$$rtentry$$0000000D)
    __rt_entry_postli_1                      0x08000213   Thumb Code     0  __rtentry2.o(.ARM.Collect$$rtentry$$0000000C)
    __rt_exit                                0x0800021b   Thumb Code     0  rtexit.o(.ARM.Collect$$rtexit$$00000000)
    __rt_exit_ls                             0x0800021d   Thumb Code     0  rtexit2.o(.ARM.Collect$$rtexit$$00000003)
    __rt_exit_prels_1                        0x0800021d   Thumb Code     0  rtexit2.o(.ARM.Collect$$rtexit$$00000002)
    __rt_exit_exit                           0x08000221   Thumb Code     0  rtexit2.o(.ARM.Collect$$rtexit$$00000004)
    Reset_Handler                            0x08000229   Thumb Code     8  startup_stm32f407xx.o(.text)
    ADC_IRQHandler                           0x08000243   Thumb Code     0  startup_stm32f407xx.o(.text)
    CAN1_RX0_IRQHandler                      0x08000243   Thumb Code     0  startup_stm32f407xx.o(.text)
    CAN1_RX1_IRQHandler                      0x08000243   Thumb Code     0  startup_stm32f407xx.o(.text)
    CAN1_SCE_IRQHandler                      0x08000243   Thumb Code     0  startup_stm32f407xx.o(.text)
    CAN1_TX_IRQHandler                       0x08000243   Thumb Code     0  startup_stm32f407xx.o(.text)
    CAN2_RX0_IRQHandler                      0x08000243   Thumb Code     0  startup_stm32f407xx.o(.text)
    CAN2_RX1_IRQHandler                      0x08000243   Thumb Code     0  startup_stm32f407xx.o(.text)
    CAN2_SCE_IRQHandler                      0x08000243   Thumb Code     0  startup_stm32f407xx.o(.text)
    CAN2_TX_IRQHandler                       0x08000243   Thumb Code     0  startup_stm32f407xx.o(.text)
    DCMI_IRQHandler                          0x08000243   Thumb Code     0  startup_stm32f407xx.o(.text)
    DMA1_Stream0_IRQHandler                  0x08000243   Thumb Code     0  startup_stm32f407xx.o(.text)
    DMA1_Stream1_IRQHandler                  0x08000243   Thumb Code     0  startup_stm32f407xx.o(.text)
    DMA1_Stream2_IRQHandler                  0x08000243   Thumb Code     0  startup_stm32f407xx.o(.text)
    DMA1_Stream3_IRQHandler                  0x08000243   Thumb Code     0  startup_stm32f407xx.o(.text)
    DMA1_Stream4_IRQHandler                  0x08000243   Thumb Code     0  startup_stm32f407xx.o(.text)
    DMA1_Stream7_IRQHandler                  0x08000243   Thumb Code     0  startup_stm32f407xx.o(.text)
    DMA2_Stream0_IRQHandler                  0x08000243   Thumb Code     0  startup_stm32f407xx.o(.text)
    DMA2_Stream1_IRQHandler                  0x08000243   Thumb Code     0  startup_stm32f407xx.o(.text)
    DMA2_Stream2_IRQHandler                  0x08000243   Thumb Code     0  startup_stm32f407xx.o(.text)
    DMA2_Stream3_IRQHandler                  0x08000243   Thumb Code     0  startup_stm32f407xx.o(.text)
    DMA2_Stream4_IRQHandler                  0x08000243   Thumb Code     0  startup_stm32f407xx.o(.text)
    DMA2_Stream5_IRQHandler                  0x08000243   Thumb Code     0  startup_stm32f407xx.o(.text)
    DMA2_Stream6_IRQHandler                  0x08000243   Thumb Code     0  startup_stm32f407xx.o(.text)
    DMA2_Stream7_IRQHandler                  0x08000243   Thumb Code     0  startup_stm32f407xx.o(.text)
    ETH_IRQHandler                           0x08000243   Thumb Code     0  startup_stm32f407xx.o(.text)
    ETH_WKUP_IRQHandler                      0x08000243   Thumb Code     0  startup_stm32f407xx.o(.text)
    EXTI0_IRQHandler                         0x08000243   Thumb Code     0  startup_stm32f407xx.o(.text)
    EXTI15_10_IRQHandler                     0x08000243   Thumb Code     0  startup_stm32f407xx.o(.text)
    EXTI1_IRQHandler                         0x08000243   Thumb Code     0  startup_stm32f407xx.o(.text)
    EXTI2_IRQHandler                         0x08000243   Thumb Code     0  startup_stm32f407xx.o(.text)
    EXTI3_IRQHandler                         0x08000243   Thumb Code     0  startup_stm32f407xx.o(.text)
    EXTI4_IRQHandler                         0x08000243   Thumb Code     0  startup_stm32f407xx.o(.text)
    EXTI9_5_IRQHandler                       0x08000243   Thumb Code     0  startup_stm32f407xx.o(.text)
    FLASH_IRQHandler                         0x08000243   Thumb Code     0  startup_stm32f407xx.o(.text)
    FMC_IRQHandler                           0x08000243   Thumb Code     0  startup_stm32f407xx.o(.text)
    FPU_IRQHandler                           0x08000243   Thumb Code     0  startup_stm32f407xx.o(.text)
    HASH_RNG_IRQHandler                      0x08000243   Thumb Code     0  startup_stm32f407xx.o(.text)
    I2C1_ER_IRQHandler                       0x08000243   Thumb Code     0  startup_stm32f407xx.o(.text)
    I2C1_EV_IRQHandler                       0x08000243   Thumb Code     0  startup_stm32f407xx.o(.text)
    I2C2_ER_IRQHandler                       0x08000243   Thumb Code     0  startup_stm32f407xx.o(.text)
    I2C2_EV_IRQHandler                       0x08000243   Thumb Code     0  startup_stm32f407xx.o(.text)
    I2C3_ER_IRQHandler                       0x08000243   Thumb Code     0  startup_stm32f407xx.o(.text)
    I2C3_EV_IRQHandler                       0x08000243   Thumb Code     0  startup_stm32f407xx.o(.text)
    OTG_FS_IRQHandler                        0x08000243   Thumb Code     0  startup_stm32f407xx.o(.text)
    OTG_FS_WKUP_IRQHandler                   0x08000243   Thumb Code     0  startup_stm32f407xx.o(.text)
    OTG_HS_EP1_IN_IRQHandler                 0x08000243   Thumb Code     0  startup_stm32f407xx.o(.text)
    OTG_HS_EP1_OUT_IRQHandler                0x08000243   Thumb Code     0  startup_stm32f407xx.o(.text)
    OTG_HS_IRQHandler                        0x08000243   Thumb Code     0  startup_stm32f407xx.o(.text)
    OTG_HS_WKUP_IRQHandler                   0x08000243   Thumb Code     0  startup_stm32f407xx.o(.text)
    PVD_IRQHandler                           0x08000243   Thumb Code     0  startup_stm32f407xx.o(.text)
    RCC_IRQHandler                           0x08000243   Thumb Code     0  startup_stm32f407xx.o(.text)
    RTC_Alarm_IRQHandler                     0x08000243   Thumb Code     0  startup_stm32f407xx.o(.text)
    RTC_WKUP_IRQHandler                      0x08000243   Thumb Code     0  startup_stm32f407xx.o(.text)
    SDIO_IRQHandler                          0x08000243   Thumb Code     0  startup_stm32f407xx.o(.text)
    SPI1_IRQHandler                          0x08000243   Thumb Code     0  startup_stm32f407xx.o(.text)
    SPI2_IRQHandler                          0x08000243   Thumb Code     0  startup_stm32f407xx.o(.text)
    SPI3_IRQHandler                          0x08000243   Thumb Code     0  startup_stm32f407xx.o(.text)
    TAMP_STAMP_IRQHandler                    0x08000243   Thumb Code     0  startup_stm32f407xx.o(.text)
    TIM1_BRK_TIM9_IRQHandler                 0x08000243   Thumb Code     0  startup_stm32f407xx.o(.text)
    TIM1_CC_IRQHandler                       0x08000243   Thumb Code     0  startup_stm32f407xx.o(.text)
    TIM1_TRG_COM_TIM11_IRQHandler            0x08000243   Thumb Code     0  startup_stm32f407xx.o(.text)
    TIM1_UP_TIM10_IRQHandler                 0x08000243   Thumb Code     0  startup_stm32f407xx.o(.text)
    TIM2_IRQHandler                          0x08000243   Thumb Code     0  startup_stm32f407xx.o(.text)
    TIM3_IRQHandler                          0x08000243   Thumb Code     0  startup_stm32f407xx.o(.text)
    TIM4_IRQHandler                          0x08000243   Thumb Code     0  startup_stm32f407xx.o(.text)
    TIM5_IRQHandler                          0x08000243   Thumb Code     0  startup_stm32f407xx.o(.text)
    TIM7_IRQHandler                          0x08000243   Thumb Code     0  startup_stm32f407xx.o(.text)
    TIM8_BRK_TIM12_IRQHandler                0x08000243   Thumb Code     0  startup_stm32f407xx.o(.text)
    TIM8_CC_IRQHandler                       0x08000243   Thumb Code     0  startup_stm32f407xx.o(.text)
    TIM8_TRG_COM_TIM14_IRQHandler            0x08000243   Thumb Code     0  startup_stm32f407xx.o(.text)
    TIM8_UP_TIM13_IRQHandler                 0x08000243   Thumb Code     0  startup_stm32f407xx.o(.text)
    UART4_IRQHandler                         0x08000243   Thumb Code     0  startup_stm32f407xx.o(.text)
    UART5_IRQHandler                         0x08000243   Thumb Code     0  startup_stm32f407xx.o(.text)
    USART1_IRQHandler                        0x08000243   Thumb Code     0  startup_stm32f407xx.o(.text)
    USART3_IRQHandler                        0x08000243   Thumb Code     0  startup_stm32f407xx.o(.text)
    USART6_IRQHandler                        0x08000243   Thumb Code     0  startup_stm32f407xx.o(.text)
    WWDG_IRQHandler                          0x08000243   Thumb Code     0  startup_stm32f407xx.o(.text)
    __user_initial_stackheap                 0x08000245   Thumb Code     0  startup_stm32f407xx.o(.text)
    __aeabi_uldivmod                         0x08000269   Thumb Code     0  lludivv7m.o(.text)
    _ll_udiv                                 0x08000269   Thumb Code   238  lludivv7m.o(.text)
    strcpy                                   0x08000357   Thumb Code    72  strcpy.o(.text)
    __aeabi_memcpy                           0x0800039f   Thumb Code     0  rt_memcpy_v6.o(.text)
    __rt_memcpy                              0x0800039f   Thumb Code   138  rt_memcpy_v6.o(.text)
    _memcpy_lastbytes                        0x08000405   Thumb Code     0  rt_memcpy_v6.o(.text)
    __aeabi_memclr                           0x08000429   Thumb Code     0  rt_memclr.o(.text)
    __rt_memclr                              0x08000429   Thumb Code    68  rt_memclr.o(.text)
    _memset                                  0x0800042d   Thumb Code     0  rt_memclr.o(.text)
    __aeabi_memclr4                          0x0800046d   Thumb Code     0  rt_memclr_w.o(.text)
    __aeabi_memclr8                          0x0800046d   Thumb Code     0  rt_memclr_w.o(.text)
    __rt_memclr_w                            0x0800046d   Thumb Code    78  rt_memclr_w.o(.text)
    _memset_w                                0x08000471   Thumb Code     0  rt_memclr_w.o(.text)
    __use_two_region_memory                  0x080004bb   Thumb Code     2  heapauxi.o(.text)
    __rt_heap_escrow$2region                 0x080004bd   Thumb Code     2  heapauxi.o(.text)
    __rt_heap_expand$2region                 0x080004bf   Thumb Code     2  heapauxi.o(.text)
    __aeabi_memcpy4                          0x080004c1   Thumb Code     0  rt_memcpy_w.o(.text)
    __aeabi_memcpy8                          0x080004c1   Thumb Code     0  rt_memcpy_w.o(.text)
    __rt_memcpy_w                            0x080004c1   Thumb Code   100  rt_memcpy_w.o(.text)
    _memcpy_lastbytes_aligned                0x08000509   Thumb Code     0  rt_memcpy_w.o(.text)
    __user_setup_stackheap                   0x08000525   Thumb Code    74  sys_stackheap_outer.o(.text)
    exit                                     0x0800056f   Thumb Code    18  exit.o(.text)
    __user_libspace                          0x08000581   Thumb Code     8  libspace.o(.text)
    __user_perproc_libspace                  0x08000581   Thumb Code     0  libspace.o(.text)
    __user_perthread_libspace                0x08000581   Thumb Code     0  libspace.o(.text)
    _sys_exit                                0x08000589   Thumb Code     8  sys_exit.o(.text)
    __I$use$semihosting                      0x08000595   Thumb Code     0  use_no_semi.o(.text)
    __use_no_semihosting_swi                 0x08000595   Thumb Code     2  use_no_semi.o(.text)
    BusFault_Handler                         0x08000597   Thumb Code     2  stm32f4xx_it.o(i.BusFault_Handler)
    __semihosting_library_function           0x08000597   Thumb Code     0  indicate_semi.o(.text)
    DMA1_Stream5_IRQHandler                  0x08000599   Thumb Code     6  stm32f4xx_it.o(i.DMA1_Stream5_IRQHandler)
    DMA1_Stream6_IRQHandler                  0x080005a5   Thumb Code     6  stm32f4xx_it.o(i.DMA1_Stream6_IRQHandler)
    DebugMon_Handler                         0x08000655   Thumb Code     2  stm32f4xx_it.o(i.DebugMon_Handler)
    Error_Handler                            0x08000657   Thumb Code     4  main.o(i.Error_Handler)
    HAL_DMA_Abort                            0x0800065b   Thumb Code   146  stm32f4xx_hal_dma.o(i.HAL_DMA_Abort)
    HAL_DMA_Abort_IT                         0x080006ed   Thumb Code    36  stm32f4xx_hal_dma.o(i.HAL_DMA_Abort_IT)
    HAL_DMA_DeInit                           0x08000711   Thumb Code    98  stm32f4xx_hal_dma.o(i.HAL_DMA_DeInit)
    HAL_DMA_IRQHandler                       0x08000775   Thumb Code   412  stm32f4xx_hal_dma.o(i.HAL_DMA_IRQHandler)
    HAL_DMA_Init                             0x08000915   Thumb Code   206  stm32f4xx_hal_dma.o(i.HAL_DMA_Init)
    HAL_DMA_Start_IT                         0x080009e9   Thumb Code   110  stm32f4xx_hal_dma.o(i.HAL_DMA_Start_IT)
    HAL_Delay                                0x08000a59   Thumb Code    32  stm32f4xx_hal.o(i.HAL_Delay)
    HAL_GPIO_DeInit                          0x08000a7d   Thumb Code   320  stm32f4xx_hal_gpio.o(i.HAL_GPIO_DeInit)
    HAL_GPIO_Init                            0x08000be5   Thumb Code   450  stm32f4xx_hal_gpio.o(i.HAL_GPIO_Init)
    HAL_GPIO_WritePin                        0x08000dd5   Thumb Code    10  stm32f4xx_hal_gpio.o(i.HAL_GPIO_WritePin)
    HAL_GetTick                              0x08000de1   Thumb Code     6  stm32f4xx_hal.o(i.HAL_GetTick)
    HAL_IncTick                              0x08000ded   Thumb Code    12  stm32f4xx_hal.o(i.HAL_IncTick)
    HAL_Init                                 0x08000dfd   Thumb Code    48  stm32f4xx_hal.o(i.HAL_Init)
    HAL_InitTick                             0x08000e31   Thumb Code    54  stm32f4xx_hal.o(i.HAL_InitTick)
    HAL_MspInit                              0x08000e71   Thumb Code    42  stm32f4xx_hal_msp.o(i.HAL_MspInit)
    HAL_NVIC_DisableIRQ                      0x08000ea1   Thumb Code    34  stm32f4xx_hal_cortex.o(i.HAL_NVIC_DisableIRQ)
    HAL_NVIC_EnableIRQ                       0x08000ec3   Thumb Code    26  stm32f4xx_hal_cortex.o(i.HAL_NVIC_EnableIRQ)
    HAL_NVIC_SetPriority                     0x08000edd   Thumb Code    60  stm32f4xx_hal_cortex.o(i.HAL_NVIC_SetPriority)
    HAL_NVIC_SetPriorityGrouping             0x08000f1d   Thumb Code    26  stm32f4xx_hal_cortex.o(i.HAL_NVIC_SetPriorityGrouping)
    HAL_RCC_ClockConfig                      0x08000f41   Thumb Code   288  stm32f4xx_hal_rcc.o(i.HAL_RCC_ClockConfig)
    HAL_RCC_GetPCLK1Freq                     0x08001075   Thumb Code    20  stm32f4xx_hal_rcc.o(i.HAL_RCC_GetPCLK1Freq)
    HAL_RCC_GetPCLK2Freq                     0x08001095   Thumb Code    20  stm32f4xx_hal_rcc.o(i.HAL_RCC_GetPCLK2Freq)
    HAL_RCC_GetSysClockFreq                  0x080010b5   Thumb Code    88  stm32f4xx_hal_rcc.o(i.HAL_RCC_GetSysClockFreq)
    HAL_RCC_OscConfig                        0x08001115   Thumb Code   856  stm32f4xx_hal_rcc.o(i.HAL_RCC_OscConfig)
    HAL_SYSTICK_Config                       0x08001481   Thumb Code    40  stm32f4xx_hal_cortex.o(i.HAL_SYSTICK_Config)
    HAL_TIMEx_BreakCallback                  0x080014a9   Thumb Code     2  stm32f4xx_hal_tim_ex.o(i.HAL_TIMEx_BreakCallback)
    HAL_TIMEx_CommutCallback                 0x080014ab   Thumb Code     2  stm32f4xx_hal_tim_ex.o(i.HAL_TIMEx_CommutCallback)
    HAL_TIMEx_MasterConfigSynchronization    0x080014ad   Thumb Code   116  stm32f4xx_hal_tim_ex.o(i.HAL_TIMEx_MasterConfigSynchronization)
    HAL_TIM_Base_Init                        0x0800153d   Thumb Code    90  stm32f4xx_hal_tim.o(i.HAL_TIM_Base_Init)
    HAL_TIM_Base_MspInit                     0x08001599   Thumb Code    50  tim.o(i.HAL_TIM_Base_MspInit)
    HAL_TIM_Base_Start_IT                    0x080015d5   Thumb Code   100  stm32f4xx_hal_tim.o(i.HAL_TIM_Base_Start_IT)
    HAL_TIM_IC_CaptureCallback               0x08001655   Thumb Code     2  stm32f4xx_hal_tim.o(i.HAL_TIM_IC_CaptureCallback)
    HAL_TIM_IRQHandler                       0x08001657   Thumb Code   304  stm32f4xx_hal_tim.o(i.HAL_TIM_IRQHandler)
    HAL_TIM_OC_DelayElapsedCallback          0x08001787   Thumb Code     2  stm32f4xx_hal_tim.o(i.HAL_TIM_OC_DelayElapsedCallback)
    HAL_TIM_PWM_PulseFinishedCallback        0x08001789   Thumb Code     2  stm32f4xx_hal_tim.o(i.HAL_TIM_PWM_PulseFinishedCallback)
    HAL_TIM_PeriodElapsedCallback            0x0800178b   Thumb Code     2  stm32f4xx_hal_tim.o(i.HAL_TIM_PeriodElapsedCallback)
    HAL_TIM_TriggerCallback                  0x0800178d   Thumb Code     2  stm32f4xx_hal_tim.o(i.HAL_TIM_TriggerCallback)
    HAL_UARTEx_ReceiveToIdle_DMA             0x0800178f   Thumb Code    78  stm32f4xx_hal_uart.o(i.HAL_UARTEx_ReceiveToIdle_DMA)
    HAL_UARTEx_RxEventCallback               0x080017dd   Thumb Code    24  modbus_uart.o(i.HAL_UARTEx_RxEventCallback)
    HAL_UART_DMAStop                         0x08001801   Thumb Code   112  stm32f4xx_hal_uart.o(i.HAL_UART_DMAStop)
    HAL_UART_DeInit                          0x08001871   Thumb Code    54  stm32f4xx_hal_uart.o(i.HAL_UART_DeInit)
    HAL_UART_ErrorCallback                   0x080018a7   Thumb Code     2  stm32f4xx_hal_uart.o(i.HAL_UART_ErrorCallback)
    HAL_UART_IRQHandler                      0x080018a9   Thumb Code   618  stm32f4xx_hal_uart.o(i.HAL_UART_IRQHandler)
    HAL_UART_Init                            0x08001b19   Thumb Code   100  stm32f4xx_hal_uart.o(i.HAL_UART_Init)
    HAL_UART_MspDeInit                       0x08001b7d   Thumb Code    54  usart.o(i.HAL_UART_MspDeInit)
    HAL_UART_MspInit                         0x08001bc1   Thumb Code   212  usart.o(i.HAL_UART_MspInit)
    HAL_UART_RxCpltCallback                  0x08001ca9   Thumb Code     2  stm32f4xx_hal_uart.o(i.HAL_UART_RxCpltCallback)
    HAL_UART_RxHalfCpltCallback              0x08001cab   Thumb Code     2  stm32f4xx_hal_uart.o(i.HAL_UART_RxHalfCpltCallback)
    HAL_UART_Transmit_DMA                    0x08001cad   Thumb Code   106  stm32f4xx_hal_uart.o(i.HAL_UART_Transmit_DMA)
    HAL_UART_TxCpltCallback                  0x08001d25   Thumb Code    20  modbus_uart.o(i.HAL_UART_TxCpltCallback)
    HAL_UART_TxHalfCpltCallback              0x08001d41   Thumb Code     2  stm32f4xx_hal_uart.o(i.HAL_UART_TxHalfCpltCallback)
    HardFault_Handler                        0x08001d43   Thumb Code     2  stm32f4xx_it.o(i.HardFault_Handler)
    MX_DMA_Init                              0x08001d45   Thumb Code    56  dma.o(i.MX_DMA_Init)
    MX_GPIO_Init                             0x08001d81   Thumb Code   170  gpio.o(i.MX_GPIO_Init)
    MX_TIM6_Init                             0x08001e39   Thumb Code    58  tim.o(i.MX_TIM6_Init)
    MX_USART2_UART_Init                      0x08001e7d   Thumb Code    48  usart.o(i.MX_USART2_UART_Init)
    MemManage_Handler                        0x08001eb5   Thumb Code     2  stm32f4xx_it.o(i.MemManage_Handler)
    Modbus_Init                              0x08001eb9   Thumb Code    20  modbus_app.o(i.Modbus_Init)
    NMI_Handler                              0x08001ed5   Thumb Code     2  stm32f4xx_it.o(i.NMI_Handler)
    PendSV_Handler                           0x08001ed7   Thumb Code     2  stm32f4xx_it.o(i.PendSV_Handler)
    SEGGER_RTT_Write                         0x08001ed9   Thumb Code    50  segger_rtt.o(i.SEGGER_RTT_Write)
    SEGGER_RTT_WriteNoLock                   0x08001f11   Thumb Code    86  segger_rtt.o(i.SEGGER_RTT_WriteNoLock)
    SEGGER_RTT_printf                        0x08001f6d   Thumb Code    22  segger_rtt_printf.o(i.SEGGER_RTT_printf)
    SEGGER_RTT_vprintf                       0x08001f83   Thumb Code   406  segger_rtt_printf.o(i.SEGGER_RTT_vprintf)
    SVC_Handler                              0x08002119   Thumb Code     2  stm32f4xx_it.o(i.SVC_Handler)
    SysTick_Handler                          0x0800211b   Thumb Code     4  stm32f4xx_it.o(i.SysTick_Handler)
    SystemClock_Config                       0x08002121   Thumb Code   138  main.o(i.SystemClock_Config)
    SystemInit                               0x080021b5   Thumb Code    12  system_stm32f4xx.o(i.SystemInit)
    TIM6_DAC_IRQHandler                      0x080021c5   Thumb Code    24  modbus_tim.o(i.TIM6_DAC_IRQHandler)
    TIM_Base_SetConfig                       0x080021e5   Thumb Code   170  stm32f4xx_hal_tim.o(i.TIM_Base_SetConfig)
    UART_Start_Receive_DMA                   0x08002641   Thumb Code   130  stm32f4xx_hal_uart.o(i.UART_Start_Receive_DMA)
    USART2_IRQHandler                        0x080026d1   Thumb Code     6  modbus_uart.o(i.USART2_IRQHandler)
    USR_UART_Print_CMD                       0x080026dd   Thumb Code    78  modbus_uart.o(i.USR_UART_Print_CMD)
    USR_UART_Receive_DMA                     0x080027a5   Thumb Code    62  modbus_uart.o(i.USR_UART_Receive_DMA)
    USR_UART_Repair                          0x080027f5   Thumb Code    28  modbus_uart.o(i.USR_UART_Repair)
    USR_UART_Transmit_DMA                    0x08002811   Thumb Code    70  modbus_uart.o(i.USR_UART_Transmit_DMA)
    USR_UART_Unstable                        0x08002869   Thumb Code    66  modbus_uart.o(i.USR_UART_Unstable)
    UsageFault_Handler                       0x08002909   Thumb Code     2  stm32f4xx_it.o(i.UsageFault_Handler)
    app_entry                                0x08002c23   Thumb Code     4  user_app.o(i.app_entry)
    main                                     0x08002c27   Thumb Code    30  main.o(i.main)
    mbCal_CRC16                              0x08002c45   Thumb Code    52  modbus_func.o(i.mbCal_CRC16)
    mbConv_Buf_2_Coils                       0x08002c79   Thumb Code    80  modbus_func.o(i.mbConv_Buf_2_Coils)
    mbConv_Buf_2_Regs                        0x08002cc9   Thumb Code    42  modbus_func.o(i.mbConv_Buf_2_Regs)
    mbConv_Coils_2_Buf                       0x08002cf3   Thumb Code    80  modbus_func.o(i.mbConv_Coils_2_Buf)
    mbConv_Regs_2_Buf                        0x08002d45   Thumb Code    50  modbus_func.o(i.mbConv_Regs_2_Buf)
    mbMemClr_Cmd                             0x08002d79   Thumb Code    38  modbus_func.o(i.mbMemClr_Cmd)
    mbMemCpy_Buf                             0x08002da5   Thumb Code    32  modbus_func.o(i.mbMemCpy_Buf)
    mbSlave_Callback                         0x08002dc5   Thumb Code    48  modbus_task.o(i.mbSlave_Callback)
    mbSlave_Init                             0x08002df9   Thumb Code    24  modbus_app.o(i.mbSlave_Init)
    mbSlave_Poll                             0x08002e1d   Thumb Code   152  modbus_task.o(i.mbSlave_Poll)
    mbSlave_Processing_Request               0x08002ed1   Thumb Code   274  modbus_func.o(i.mbSlave_Processing_Request)
    mbSlave_Read_Coils                       0x08002ff1   Thumb Code    24  modbus_func.o(i.mbSlave_Read_Coils)
    mbSlave_Read_Holdings                    0x0800300d   Thumb Code    28  modbus_func.o(i.mbSlave_Read_Holdings)
    mbSlave_Structuring_Response             0x0800302d   Thumb Code   268  modbus_func.o(i.mbSlave_Structuring_Response)
    mbSlave_Test                             0x08003149   Thumb Code    26  modbus_app.o(i.mbSlave_Test)
    mbSlave_Write_Single_Reg                 0x08003165   Thumb Code     8  modbus_func.o(i.mbSlave_Write_Single_Reg)
    mbVerify_Is_Same_Crc16                   0x08003171   Thumb Code    32  modbus_func.o(i.mbVerify_Is_Same_Crc16)
    mbVerify_Is_Valid_DataLen                0x08003191   Thumb Code    18  modbus_func.o(i.mbVerify_Is_Valid_DataLen)
    mbVerify_Is_Valid_FxCode                 0x080031a3   Thumb Code    54  modbus_func.o(i.mbVerify_Is_Valid_FxCode)
    _fp_init                                 0x080031d9   Thumb Code    10  fpinit.o(x$fpl$fpinit)
    __fplib_config_fpu_vfp                   0x080031e1   Thumb Code     0  fpinit.o(x$fpl$fpinit)
    __fplib_config_pureend_doubles           0x080031e1   Thumb Code     0  fpinit.o(x$fpl$fpinit)
    AHBPrescTable                            0x080031ea   Data          16  system_stm32f4xx.o(.constdata)
    APBPrescTable                            0x080031fa   Data           8  system_stm32f4xx.o(.constdata)
    Region$$Table$$Base                      0x08003214   Number         0  anon$$obj.o(Region$$Table)
    Region$$Table$$Limit                     0x08003234   Number         0  anon$$obj.o(Region$$Table)
    uwTickFreq                               0x20000000   Data           1  stm32f4xx_hal.o(.data)
    uwTickPrio                               0x20000004   Data           4  stm32f4xx_hal.o(.data)
    uwTick                                   0x20000008   Data           4  stm32f4xx_hal.o(.data)
    SystemCoreClock                          0x2000000c   Data           4  system_stm32f4xx.o(.data)
    us_count                                 0x20000010   Data           4  modbus_tim.o(.data)
    mbSlave_Rx_Byte                          0x20000014   Data           2  modbus_uart.o(.data)
    htim6                                    0x20000018   Data          72  tim.o(.bss)
    huart2                                   0x20000060   Data          72  usart.o(.bss)
    hdma_usart2_rx                           0x200000a8   Data          96  usart.o(.bss)
    hdma_usart2_tx                           0x20000108   Data          96  usart.o(.bss)
    _SEGGER_RTT                              0x20000168   Data         168  segger_rtt.o(.bss)
    mbSlave_Task                             0x20000620   Data          12  modbus_task.o(.bss)
    mbSlave                                  0x2000062c   Data        8240  modbus_func.o(.bss)
    mbSlave_Coils_Buf                        0x2000265c   Data        1024  modbus_func.o(.bss)
    mbSlave_Holding_Buf                      0x20002a5c   Data        2048  modbus_func.o(.bss)
    mbSlave_Rx_Buf                           0x2000325c   Data        1024  modbus_uart.o(.bss)
    __libspace_start                         0x2000365c   Data          96  libspace.o(.bss)
    __temporary_stack_top$libspace           0x200036bc   Data           0  libspace.o(.bss)



==============================================================================

Memory Map of the image

  Image Entry point : 0x08000189

  Load Region LR_IROM1 (Base: 0x08000000, Size: 0x0000324c, Max: 0x00100000, ABSOLUTE)

    Execution Region ER_IROM1 (Exec base: 0x08000000, Load base: 0x08000000, Size: 0x00003234, Max: 0x00100000, ABSOLUTE)

    Exec Addr    Load Addr    Size         Type   Attr      Idx    E Section Name        Object

    0x08000000   0x08000000   0x00000188   Data   RO            3    RESET               startup_stm32f407xx.o
    0x08000188   0x08000188   0x00000008   Code   RO         3648  * !!!main             c_w.l(__main.o)
    0x08000190   0x08000190   0x00000034   Code   RO         3819    !!!scatter          c_w.l(__scatter.o)
    0x080001c4   0x080001c4   0x0000001a   Code   RO         3821    !!handler_copy      c_w.l(__scatter_copy.o)
    0x080001de   0x080001de   0x00000002   PAD
    0x080001e0   0x080001e0   0x0000001c   Code   RO         3823    !!handler_zi        c_w.l(__scatter_zi.o)
    0x080001fc   0x080001fc   0x00000002   Code   RO         3687    .ARM.Collect$$libinit$$00000000  c_w.l(libinit.o)
    0x080001fe   0x080001fe   0x00000004   Code   RO         3699    .ARM.Collect$$libinit$$00000001  c_w.l(libinit2.o)
    0x08000202   0x08000202   0x00000000   Code   RO         3702    .ARM.Collect$$libinit$$00000004  c_w.l(libinit2.o)
    0x08000202   0x08000202   0x00000000   Code   RO         3705    .ARM.Collect$$libinit$$0000000A  c_w.l(libinit2.o)
    0x08000202   0x08000202   0x00000000   Code   RO         3707    .ARM.Collect$$libinit$$0000000C  c_w.l(libinit2.o)
    0x08000202   0x08000202   0x00000000   Code   RO         3709    .ARM.Collect$$libinit$$0000000E  c_w.l(libinit2.o)
    0x08000202   0x08000202   0x00000000   Code   RO         3712    .ARM.Collect$$libinit$$00000011  c_w.l(libinit2.o)
    0x08000202   0x08000202   0x00000000   Code   RO         3714    .ARM.Collect$$libinit$$00000013  c_w.l(libinit2.o)
    0x08000202   0x08000202   0x00000000   Code   RO         3716    .ARM.Collect$$libinit$$00000015  c_w.l(libinit2.o)
    0x08000202   0x08000202   0x00000000   Code   RO         3718    .ARM.Collect$$libinit$$00000017  c_w.l(libinit2.o)
    0x08000202   0x08000202   0x00000000   Code   RO         3720    .ARM.Collect$$libinit$$00000019  c_w.l(libinit2.o)
    0x08000202   0x08000202   0x00000000   Code   RO         3722    .ARM.Collect$$libinit$$0000001B  c_w.l(libinit2.o)
    0x08000202   0x08000202   0x00000000   Code   RO         3724    .ARM.Collect$$libinit$$0000001D  c_w.l(libinit2.o)
    0x08000202   0x08000202   0x00000000   Code   RO         3726    .ARM.Collect$$libinit$$0000001F  c_w.l(libinit2.o)
    0x08000202   0x08000202   0x00000000   Code   RO         3728    .ARM.Collect$$libinit$$00000021  c_w.l(libinit2.o)
    0x08000202   0x08000202   0x00000000   Code   RO         3730    .ARM.Collect$$libinit$$00000023  c_w.l(libinit2.o)
    0x08000202   0x08000202   0x00000000   Code   RO         3732    .ARM.Collect$$libinit$$00000025  c_w.l(libinit2.o)
    0x08000202   0x08000202   0x00000000   Code   RO         3736    .ARM.Collect$$libinit$$0000002C  c_w.l(libinit2.o)
    0x08000202   0x08000202   0x00000000   Code   RO         3738    .ARM.Collect$$libinit$$0000002E  c_w.l(libinit2.o)
    0x08000202   0x08000202   0x00000000   Code   RO         3740    .ARM.Collect$$libinit$$00000030  c_w.l(libinit2.o)
    0x08000202   0x08000202   0x00000000   Code   RO         3742    .ARM.Collect$$libinit$$00000032  c_w.l(libinit2.o)
    0x08000202   0x08000202   0x00000002   Code   RO         3743    .ARM.Collect$$libinit$$00000033  c_w.l(libinit2.o)
    0x08000204   0x08000204   0x00000002   Code   RO         3774    .ARM.Collect$$libshutdown$$00000000  c_w.l(libshutdown.o)
    0x08000206   0x08000206   0x00000000   Code   RO         3800    .ARM.Collect$$libshutdown$$00000002  c_w.l(libshutdown2.o)
    0x08000206   0x08000206   0x00000000   Code   RO         3802    .ARM.Collect$$libshutdown$$00000004  c_w.l(libshutdown2.o)
    0x08000206   0x08000206   0x00000000   Code   RO         3804    .ARM.Collect$$libshutdown$$00000006  c_w.l(libshutdown2.o)
    0x08000206   0x08000206   0x00000000   Code   RO         3807    .ARM.Collect$$libshutdown$$00000009  c_w.l(libshutdown2.o)
    0x08000206   0x08000206   0x00000000   Code   RO         3810    .ARM.Collect$$libshutdown$$0000000C  c_w.l(libshutdown2.o)
    0x08000206   0x08000206   0x00000000   Code   RO         3812    .ARM.Collect$$libshutdown$$0000000E  c_w.l(libshutdown2.o)
    0x08000206   0x08000206   0x00000000   Code   RO         3815    .ARM.Collect$$libshutdown$$00000011  c_w.l(libshutdown2.o)
    0x08000206   0x08000206   0x00000002   Code   RO         3816    .ARM.Collect$$libshutdown$$00000012  c_w.l(libshutdown2.o)
    0x08000208   0x08000208   0x00000000   Code   RO         3650    .ARM.Collect$$rtentry$$00000000  c_w.l(__rtentry.o)
    0x08000208   0x08000208   0x00000000   Code   RO         3658    .ARM.Collect$$rtentry$$00000002  c_w.l(__rtentry2.o)
    0x08000208   0x08000208   0x00000006   Code   RO         3670    .ARM.Collect$$rtentry$$00000004  c_w.l(__rtentry4.o)
    0x0800020e   0x0800020e   0x00000000   Code   RO         3660    .ARM.Collect$$rtentry$$00000009  c_w.l(__rtentry2.o)
    0x0800020e   0x0800020e   0x00000004   Code   RO         3661    .ARM.Collect$$rtentry$$0000000A  c_w.l(__rtentry2.o)
    0x08000212   0x08000212   0x00000000   Code   RO         3663    .ARM.Collect$$rtentry$$0000000C  c_w.l(__rtentry2.o)
    0x08000212   0x08000212   0x00000008   Code   RO         3664    .ARM.Collect$$rtentry$$0000000D  c_w.l(__rtentry2.o)
    0x0800021a   0x0800021a   0x00000002   Code   RO         3691    .ARM.Collect$$rtexit$$00000000  c_w.l(rtexit.o)
    0x0800021c   0x0800021c   0x00000000   Code   RO         3747    .ARM.Collect$$rtexit$$00000002  c_w.l(rtexit2.o)
    0x0800021c   0x0800021c   0x00000004   Code   RO         3748    .ARM.Collect$$rtexit$$00000003  c_w.l(rtexit2.o)
    0x08000220   0x08000220   0x00000006   Code   RO         3749    .ARM.Collect$$rtexit$$00000004  c_w.l(rtexit2.o)
    0x08000226   0x08000226   0x00000002   PAD
    0x08000228   0x08000228   0x00000040   Code   RO            4    .text               startup_stm32f407xx.o
    0x08000268   0x08000268   0x000000ee   Code   RO         3634    .text               c_w.l(lludivv7m.o)
    0x08000356   0x08000356   0x00000048   Code   RO         3636    .text               c_w.l(strcpy.o)
    0x0800039e   0x0800039e   0x0000008a   Code   RO         3640    .text               c_w.l(rt_memcpy_v6.o)
    0x08000428   0x08000428   0x00000044   Code   RO         3642    .text               c_w.l(rt_memclr.o)
    0x0800046c   0x0800046c   0x0000004e   Code   RO         3644    .text               c_w.l(rt_memclr_w.o)
    0x080004ba   0x080004ba   0x00000006   Code   RO         3646    .text               c_w.l(heapauxi.o)
    0x080004c0   0x080004c0   0x00000064   Code   RO         3655    .text               c_w.l(rt_memcpy_w.o)
    0x08000524   0x08000524   0x0000004a   Code   RO         3674    .text               c_w.l(sys_stackheap_outer.o)
    0x0800056e   0x0800056e   0x00000012   Code   RO         3676    .text               c_w.l(exit.o)
    0x08000580   0x08000580   0x00000008   Code   RO         3688    .text               c_w.l(libspace.o)
    0x08000588   0x08000588   0x0000000c   Code   RO         3744    .text               c_w.l(sys_exit.o)
    0x08000594   0x08000594   0x00000002   Code   RO         3763    .text               c_w.l(use_no_semi.o)
    0x08000596   0x08000596   0x00000000   Code   RO         3765    .text               c_w.l(indicate_semi.o)
    0x08000596   0x08000596   0x00000002   Code   RO          343    i.BusFault_Handler  stm32f4xx_it.o
    0x08000598   0x08000598   0x0000000c   Code   RO          344    i.DMA1_Stream5_IRQHandler  stm32f4xx_it.o
    0x080005a4   0x080005a4   0x0000000c   Code   RO          345    i.DMA1_Stream6_IRQHandler  stm32f4xx_it.o
    0x080005b0   0x080005b0   0x00000028   Code   RO         1887    i.DMA_CalcBaseAndBitshift  stm32f4xx_hal_dma.o
    0x080005d8   0x080005d8   0x00000054   Code   RO         1888    i.DMA_CheckFifoParam  stm32f4xx_hal_dma.o
    0x0800062c   0x0800062c   0x00000028   Code   RO         1889    i.DMA_SetConfig     stm32f4xx_hal_dma.o
    0x08000654   0x08000654   0x00000002   Code   RO          346    i.DebugMon_Handler  stm32f4xx_it.o
    0x08000656   0x08000656   0x00000004   Code   RO           13    i.Error_Handler     main.o
    0x0800065a   0x0800065a   0x00000092   Code   RO         1890    i.HAL_DMA_Abort     stm32f4xx_hal_dma.o
    0x080006ec   0x080006ec   0x00000024   Code   RO         1891    i.HAL_DMA_Abort_IT  stm32f4xx_hal_dma.o
    0x08000710   0x08000710   0x00000062   Code   RO         1892    i.HAL_DMA_DeInit    stm32f4xx_hal_dma.o
    0x08000772   0x08000772   0x00000002   PAD
    0x08000774   0x08000774   0x000001a0   Code   RO         1895    i.HAL_DMA_IRQHandler  stm32f4xx_hal_dma.o
    0x08000914   0x08000914   0x000000d4   Code   RO         1896    i.HAL_DMA_Init      stm32f4xx_hal_dma.o
    0x080009e8   0x080009e8   0x0000006e   Code   RO         1900    i.HAL_DMA_Start_IT  stm32f4xx_hal_dma.o
    0x08000a56   0x08000a56   0x00000002   PAD
    0x08000a58   0x08000a58   0x00000024   Code   RO         2327    i.HAL_Delay         stm32f4xx_hal.o
    0x08000a7c   0x08000a7c   0x00000168   Code   RO         1780    i.HAL_GPIO_DeInit   stm32f4xx_hal_gpio.o
    0x08000be4   0x08000be4   0x000001f0   Code   RO         1783    i.HAL_GPIO_Init     stm32f4xx_hal_gpio.o
    0x08000dd4   0x08000dd4   0x0000000a   Code   RO         1787    i.HAL_GPIO_WritePin  stm32f4xx_hal_gpio.o
    0x08000dde   0x08000dde   0x00000002   PAD
    0x08000de0   0x08000de0   0x0000000c   Code   RO         2333    i.HAL_GetTick       stm32f4xx_hal.o
    0x08000dec   0x08000dec   0x00000010   Code   RO         2339    i.HAL_IncTick       stm32f4xx_hal.o
    0x08000dfc   0x08000dfc   0x00000034   Code   RO         2340    i.HAL_Init          stm32f4xx_hal.o
    0x08000e30   0x08000e30   0x00000040   Code   RO         2341    i.HAL_InitTick      stm32f4xx_hal.o
    0x08000e70   0x08000e70   0x00000030   Code   RO          431    i.HAL_MspInit       stm32f4xx_hal_msp.o
    0x08000ea0   0x08000ea0   0x00000022   Code   RO         2174    i.HAL_NVIC_DisableIRQ  stm32f4xx_hal_cortex.o
    0x08000ec2   0x08000ec2   0x0000001a   Code   RO         2175    i.HAL_NVIC_EnableIRQ  stm32f4xx_hal_cortex.o
    0x08000edc   0x08000edc   0x00000040   Code   RO         2181    i.HAL_NVIC_SetPriority  stm32f4xx_hal_cortex.o
    0x08000f1c   0x08000f1c   0x00000024   Code   RO         2182    i.HAL_NVIC_SetPriorityGrouping  stm32f4xx_hal_cortex.o
    0x08000f40   0x08000f40   0x00000134   Code   RO         1429    i.HAL_RCC_ClockConfig  stm32f4xx_hal_rcc.o
    0x08001074   0x08001074   0x00000020   Code   RO         1436    i.HAL_RCC_GetPCLK1Freq  stm32f4xx_hal_rcc.o
    0x08001094   0x08001094   0x00000020   Code   RO         1437    i.HAL_RCC_GetPCLK2Freq  stm32f4xx_hal_rcc.o
    0x080010b4   0x080010b4   0x00000060   Code   RO         1438    i.HAL_RCC_GetSysClockFreq  stm32f4xx_hal_rcc.o
    0x08001114   0x08001114   0x0000036c   Code   RO         1441    i.HAL_RCC_OscConfig  stm32f4xx_hal_rcc.o
    0x08001480   0x08001480   0x00000028   Code   RO         2186    i.HAL_SYSTICK_Config  stm32f4xx_hal_cortex.o
    0x080014a8   0x080014a8   0x00000002   Code   RO         1161    i.HAL_TIMEx_BreakCallback  stm32f4xx_hal_tim_ex.o
    0x080014aa   0x080014aa   0x00000002   Code   RO         1162    i.HAL_TIMEx_CommutCallback  stm32f4xx_hal_tim_ex.o
    0x080014ac   0x080014ac   0x00000090   Code   RO         1180    i.HAL_TIMEx_MasterConfigSynchronization  stm32f4xx_hal_tim_ex.o
    0x0800153c   0x0800153c   0x0000005a   Code   RO          457    i.HAL_TIM_Base_Init  stm32f4xx_hal_tim.o
    0x08001596   0x08001596   0x00000002   PAD
    0x08001598   0x08001598   0x0000003c   Code   RO          260    i.HAL_TIM_Base_MspInit  tim.o
    0x080015d4   0x080015d4   0x00000080   Code   RO          462    i.HAL_TIM_Base_Start_IT  stm32f4xx_hal_tim.o
    0x08001654   0x08001654   0x00000002   Code   RO          491    i.HAL_TIM_IC_CaptureCallback  stm32f4xx_hal_tim.o
    0x08001656   0x08001656   0x00000130   Code   RO          505    i.HAL_TIM_IRQHandler  stm32f4xx_hal_tim.o
    0x08001786   0x08001786   0x00000002   Code   RO          508    i.HAL_TIM_OC_DelayElapsedCallback  stm32f4xx_hal_tim.o
    0x08001788   0x08001788   0x00000002   Code   RO          535    i.HAL_TIM_PWM_PulseFinishedCallback  stm32f4xx_hal_tim.o
    0x0800178a   0x0800178a   0x00000002   Code   RO          543    i.HAL_TIM_PeriodElapsedCallback  stm32f4xx_hal_tim.o
    0x0800178c   0x0800178c   0x00000002   Code   RO          548    i.HAL_TIM_TriggerCallback  stm32f4xx_hal_tim.o
    0x0800178e   0x0800178e   0x0000004e   Code   RO         2588    i.HAL_UARTEx_ReceiveToIdle_DMA  stm32f4xx_hal_uart.o
    0x080017dc   0x080017dc   0x00000024   Code   RO         3532    i.HAL_UARTEx_RxEventCallback  modbus_uart.o
    0x08001800   0x08001800   0x00000070   Code   RO         2602    i.HAL_UART_DMAStop  stm32f4xx_hal_uart.o
    0x08001870   0x08001870   0x00000036   Code   RO         2603    i.HAL_UART_DeInit   stm32f4xx_hal_uart.o
    0x080018a6   0x080018a6   0x00000002   Code   RO         2604    i.HAL_UART_ErrorCallback  stm32f4xx_hal_uart.o
    0x080018a8   0x080018a8   0x00000270   Code   RO         2607    i.HAL_UART_IRQHandler  stm32f4xx_hal_uart.o
    0x08001b18   0x08001b18   0x00000064   Code   RO         2608    i.HAL_UART_Init     stm32f4xx_hal_uart.o
    0x08001b7c   0x08001b7c   0x00000044   Code   RO          301    i.HAL_UART_MspDeInit  usart.o
    0x08001bc0   0x08001bc0   0x000000e8   Code   RO          302    i.HAL_UART_MspInit  usart.o
    0x08001ca8   0x08001ca8   0x00000002   Code   RO         2614    i.HAL_UART_RxCpltCallback  stm32f4xx_hal_uart.o
    0x08001caa   0x08001caa   0x00000002   Code   RO         2615    i.HAL_UART_RxHalfCpltCallback  stm32f4xx_hal_uart.o
    0x08001cac   0x08001cac   0x00000078   Code   RO         2617    i.HAL_UART_Transmit_DMA  stm32f4xx_hal_uart.o
    0x08001d24   0x08001d24   0x0000001c   Code   RO         3533    i.HAL_UART_TxCpltCallback  modbus_uart.o
    0x08001d40   0x08001d40   0x00000002   Code   RO         2620    i.HAL_UART_TxHalfCpltCallback  stm32f4xx_hal_uart.o
    0x08001d42   0x08001d42   0x00000002   Code   RO          347    i.HardFault_Handler  stm32f4xx_it.o
    0x08001d44   0x08001d44   0x0000003c   Code   RO          235    i.MX_DMA_Init       dma.o
    0x08001d80   0x08001d80   0x000000b8   Code   RO          211    i.MX_GPIO_Init      gpio.o
    0x08001e38   0x08001e38   0x00000044   Code   RO          261    i.MX_TIM6_Init      tim.o
    0x08001e7c   0x08001e7c   0x00000038   Code   RO          303    i.MX_USART2_UART_Init  usart.o
    0x08001eb4   0x08001eb4   0x00000002   Code   RO          348    i.MemManage_Handler  stm32f4xx_it.o
    0x08001eb6   0x08001eb6   0x00000002   PAD
    0x08001eb8   0x08001eb8   0x0000001c   Code   RO         3219    i.Modbus_Init       modbus_app.o
    0x08001ed4   0x08001ed4   0x00000002   Code   RO          349    i.NMI_Handler       stm32f4xx_it.o
    0x08001ed6   0x08001ed6   0x00000002   Code   RO          350    i.PendSV_Handler    stm32f4xx_it.o
    0x08001ed8   0x08001ed8   0x00000038   Code   RO         2997    i.SEGGER_RTT_Write  segger_rtt.o
    0x08001f10   0x08001f10   0x0000005c   Code   RO         2998    i.SEGGER_RTT_WriteNoLock  segger_rtt.o
    0x08001f6c   0x08001f6c   0x00000016   Code   RO         3178    i.SEGGER_RTT_printf  segger_rtt_printf.o
    0x08001f82   0x08001f82   0x00000196   Code   RO         3179    i.SEGGER_RTT_vprintf  segger_rtt_printf.o
    0x08002118   0x08002118   0x00000002   Code   RO          351    i.SVC_Handler       stm32f4xx_it.o
    0x0800211a   0x0800211a   0x00000004   Code   RO          352    i.SysTick_Handler   stm32f4xx_it.o
    0x0800211e   0x0800211e   0x00000002   PAD
    0x08002120   0x08002120   0x00000094   Code   RO           14    i.SystemClock_Config  main.o
    0x080021b4   0x080021b4   0x00000010   Code   RO         2942    i.SystemInit        system_stm32f4xx.o
    0x080021c4   0x080021c4   0x00000020   Code   RO         3495    i.TIM6_DAC_IRQHandler  modbus_tim.o
    0x080021e4   0x080021e4   0x000000d8   Code   RO          550    i.TIM_Base_SetConfig  stm32f4xx_hal_tim.o
    0x080022bc   0x080022bc   0x00000010   Code   RO         2621    i.UART_DMAAbortOnError  stm32f4xx_hal_uart.o
    0x080022cc   0x080022cc   0x0000004a   Code   RO         2622    i.UART_DMAError     stm32f4xx_hal_uart.o
    0x08002316   0x08002316   0x00000086   Code   RO         2623    i.UART_DMAReceiveCplt  stm32f4xx_hal_uart.o
    0x0800239c   0x0800239c   0x0000001e   Code   RO         2625    i.UART_DMARxHalfCplt  stm32f4xx_hal_uart.o
    0x080023ba   0x080023ba   0x00000042   Code   RO         2627    i.UART_DMATransmitCplt  stm32f4xx_hal_uart.o
    0x080023fc   0x080023fc   0x0000000a   Code   RO         2629    i.UART_DMATxHalfCplt  stm32f4xx_hal_uart.o
    0x08002406   0x08002406   0x0000004e   Code   RO         2631    i.UART_EndRxTransfer  stm32f4xx_hal_uart.o
    0x08002454   0x08002454   0x0000001c   Code   RO         2632    i.UART_EndTxTransfer  stm32f4xx_hal_uart.o
    0x08002470   0x08002470   0x000000c2   Code   RO         2633    i.UART_Receive_IT   stm32f4xx_hal_uart.o
    0x08002532   0x08002532   0x00000002   PAD
    0x08002534   0x08002534   0x0000010c   Code   RO         2634    i.UART_SetConfig    stm32f4xx_hal_uart.o
    0x08002640   0x08002640   0x00000090   Code   RO         2635    i.UART_Start_Receive_DMA  stm32f4xx_hal_uart.o
    0x080026d0   0x080026d0   0x0000000c   Code   RO         3534    i.USART2_IRQHandler  modbus_uart.o
    0x080026dc   0x080026dc   0x000000c8   Code   RO         3535    i.USR_UART_Print_CMD  modbus_uart.o
    0x080027a4   0x080027a4   0x00000050   Code   RO         3537    i.USR_UART_Receive_DMA  modbus_uart.o
    0x080027f4   0x080027f4   0x0000001c   Code   RO         3538    i.USR_UART_Repair   modbus_uart.o
    0x08002810   0x08002810   0x00000058   Code   RO         3539    i.USR_UART_Transmit_DMA  modbus_uart.o
    0x08002868   0x08002868   0x000000a0   Code   RO         3540    i.USR_UART_Unstable  modbus_uart.o
    0x08002908   0x08002908   0x00000002   Code   RO          353    i.UsageFault_Handler  stm32f4xx_it.o
    0x0800290a   0x0800290a   0x00000002   PAD
    0x0800290c   0x0800290c   0x00000068   Code   RO         3002    i._DoInit           segger_rtt.o
    0x08002974   0x08002974   0x00000016   Code   RO         3003    i._GetAvailWriteSpace  segger_rtt.o
    0x0800298a   0x0800298a   0x00000002   PAD
    0x0800298c   0x0800298c   0x000000c6   Code   RO         3180    i._PrintInt         segger_rtt_printf.o
    0x08002a52   0x08002a52   0x00000002   PAD
    0x08002a54   0x08002a54   0x000000d4   Code   RO         3181    i._PrintUnsigned    segger_rtt_printf.o
    0x08002b28   0x08002b28   0x0000003e   Code   RO         3182    i._StoreChar        segger_rtt_printf.o
    0x08002b66   0x08002b66   0x0000005a   Code   RO         3005    i._WriteBlocking    segger_rtt.o
    0x08002bc0   0x08002bc0   0x00000042   Code   RO         3006    i._WriteNoCheck     segger_rtt.o
    0x08002c02   0x08002c02   0x00000020   Code   RO         2188    i.__NVIC_SetPriority  stm32f4xx_hal_cortex.o
    0x08002c22   0x08002c22   0x00000004   Code   RO         3611    i.app_entry         user_app.o
    0x08002c26   0x08002c26   0x0000001e   Code   RO           15    i.main              main.o
    0x08002c44   0x08002c44   0x00000034   Code   RO         3303    i.mbCal_CRC16       modbus_func.o
    0x08002c78   0x08002c78   0x00000050   Code   RO         3304    i.mbConv_Buf_2_Coils  modbus_func.o
    0x08002cc8   0x08002cc8   0x0000002a   Code   RO         3305    i.mbConv_Buf_2_Regs  modbus_func.o
    0x08002cf2   0x08002cf2   0x00000050   Code   RO         3306    i.mbConv_Coils_2_Buf  modbus_func.o
    0x08002d42   0x08002d42   0x00000002   PAD
    0x08002d44   0x08002d44   0x00000032   Code   RO         3307    i.mbConv_Regs_2_Buf  modbus_func.o
    0x08002d76   0x08002d76   0x00000002   PAD
    0x08002d78   0x08002d78   0x0000002c   Code   RO         3308    i.mbMemClr_Cmd      modbus_func.o
    0x08002da4   0x08002da4   0x00000020   Code   RO         3309    i.mbMemCpy_Buf      modbus_func.o
    0x08002dc4   0x08002dc4   0x00000034   Code   RO         3267    i.mbSlave_Callback  modbus_task.o
    0x08002df8   0x08002df8   0x00000024   Code   RO         3220    i.mbSlave_Init      modbus_app.o
    0x08002e1c   0x08002e1c   0x000000b4   Code   RO         3268    i.mbSlave_Poll      modbus_task.o
    0x08002ed0   0x08002ed0   0x00000120   Code   RO         3313    i.mbSlave_Processing_Request  modbus_func.o
    0x08002ff0   0x08002ff0   0x0000001c   Code   RO         3314    i.mbSlave_Read_Coils  modbus_func.o
    0x0800300c   0x0800300c   0x00000020   Code   RO         3316    i.mbSlave_Read_Holdings  modbus_func.o
    0x0800302c   0x0800302c   0x0000011c   Code   RO         3318    i.mbSlave_Structuring_Response  modbus_func.o
    0x08003148   0x08003148   0x0000001a   Code   RO         3221    i.mbSlave_Test      modbus_app.o
    0x08003162   0x08003162   0x00000002   PAD
    0x08003164   0x08003164   0x0000000c   Code   RO         3322    i.mbSlave_Write_Single_Reg  modbus_func.o
    0x08003170   0x08003170   0x00000020   Code   RO         3323    i.mbVerify_Is_Same_Crc16  modbus_func.o
    0x08003190   0x08003190   0x00000012   Code   RO         3325    i.mbVerify_Is_Valid_DataLen  modbus_func.o
    0x080031a2   0x080031a2   0x00000036   Code   RO         3326    i.mbVerify_Is_Valid_FxCode  modbus_func.o
    0x080031d8   0x080031d8   0x0000000a   Code   RO         3759    x$fpl$fpinit        fz_wm.l(fpinit.o)
    0x080031e2   0x080031e2   0x00000008   Data   RO         1902    .constdata          stm32f4xx_hal_dma.o
    0x080031ea   0x080031ea   0x00000010   Data   RO         2943    .constdata          system_stm32f4xx.o
    0x080031fa   0x080031fa   0x00000008   Data   RO         2944    .constdata          system_stm32f4xx.o
    0x08003202   0x08003202   0x00000010   Data   RO         3183    .constdata          segger_rtt_printf.o
    0x08003212   0x08003212   0x00000002   PAD
    0x08003214   0x08003214   0x00000020   Data   RO         3817    Region$$Table       anon$$obj.o


    Execution Region RW_IRAM1 (Exec base: 0x20000000, Load base: 0x08003234, Size: 0x00003cc0, Max: 0x0001c000, ABSOLUTE)

    Exec Addr    Load Addr    Size         Type   Attr      Idx    E Section Name        Object

    0x20000000   0x08003234   0x0000000c   Data   RW         2347    .data               stm32f4xx_hal.o
    0x2000000c   0x08003240   0x00000004   Data   RW         2945    .data               system_stm32f4xx.o
    0x20000010   0x08003244   0x00000004   Data   RW         3496    .data               modbus_tim.o
    0x20000014   0x08003248   0x00000002   Data   RW         3542    .data               modbus_uart.o
    0x20000016   0x0800324a   0x00000002   PAD
    0x20000018        -       0x00000048   Zero   RW          262    .bss                tim.o
    0x20000060        -       0x00000108   Zero   RW          304    .bss                usart.o
    0x20000168        -       0x000004b8   Zero   RW         3007    .bss                segger_rtt.o
    0x20000620        -       0x0000000c   Zero   RW         3269    .bss                modbus_task.o
    0x2000062c        -       0x00002c30   Zero   RW         3328    .bss                modbus_func.o
    0x2000325c        -       0x00000400   Zero   RW         3541    .bss                modbus_uart.o
    0x2000365c        -       0x00000060   Zero   RW         3689    .bss                c_w.l(libspace.o)
    0x200036bc   0x0800324a   0x00000004   PAD
    0x200036c0        -       0x00000200   Zero   RW            2    HEAP                startup_stm32f407xx.o
    0x200038c0        -       0x00000400   Zero   RW            1    STACK               startup_stm32f407xx.o


    Execution Region RW_IRAM2 (Exec base: 0x2001c000, Load base: 0x0800324c, Size: 0x00000000, Max: 0x00004000, ABSOLUTE)

    **** No section assigned to this execution region ****


==============================================================================

Image component sizes


      Code (inc. data)   RO Data    RW Data    ZI Data      Debug   Object Name

        60          4          0          0          0        970   dma.o
       184         14          0          0          0       1195   gpio.o
       182         10          0          0          0     694680   main.o
        90         20          0          0          0       2202   modbus_app.o
      1128         56          0          0      11312      15290   modbus_func.o
       232         46          0          0         12       2649   modbus_task.o
        32          8          0          4          0       1443   modbus_tim.o
       632        278          0          2       1024       6474   modbus_uart.o
       430         40          0          0       1208       9478   segger_rtt.o
       900          6         16          0          0       6301   segger_rtt_printf.o
        64         26        392          0       1536        936   startup_stm32f407xx.o
       180         28          0         12          0      10157   stm32f4xx_hal.o
       232         14          0          0          0      35197   stm32f4xx_hal_cortex.o
      1182         16          8          0          0       9023   stm32f4xx_hal_dma.o
       866         86          0          0          0       3518   stm32f4xx_hal_gpio.o
        48          6          0          0          0       1046   stm32f4xx_hal_msp.o
      1344         72          0          0          0       5804   stm32f4xx_hal_rcc.o
       748         74          0          0          0       8469   stm32f4xx_hal_tim.o
       148         28          0          0          0       2865   stm32f4xx_hal_tim_ex.o
      2138         44          0          0          0      18362   stm32f4xx_hal_uart.o
        44         12          0          0          0       6166   stm32f4xx_it.o
        16          4         24          4          0       1411   system_stm32f4xx.o
       128         20          0          0         72       1974   tim.o
       356         42          0          0        264       2977   usart.o
         4          0          0          0          0        536   user_app.o

    ----------------------------------------------------------------------
     11394        954        474         24      15428     849123   Object Totals
         0          0         32          0          0          0   (incl. Generated)
        26          0          2          2          0          0   (incl. Padding)

    ----------------------------------------------------------------------

      Code (inc. data)   RO Data    RW Data    ZI Data      Debug   Library Member Name

         8          0          0          0          0         68   __main.o
         0          0          0          0          0          0   __rtentry.o
        12          0          0          0          0          0   __rtentry2.o
         6          0          0          0          0          0   __rtentry4.o
        52          8          0          0          0          0   __scatter.o
        26          0          0          0          0          0   __scatter_copy.o
        28          0          0          0          0          0   __scatter_zi.o
        18          0          0          0          0         80   exit.o
         6          0          0          0          0        152   heapauxi.o
         0          0          0          0          0          0   indicate_semi.o
         2          0          0          0          0          0   libinit.o
         6          0          0          0          0          0   libinit2.o
         2          0          0          0          0          0   libshutdown.o
         2          0          0          0          0          0   libshutdown2.o
         8          4          0          0         96         68   libspace.o
       238          0          0          0          0        100   lludivv7m.o
        68          0          0          0          0         68   rt_memclr.o
        78          0          0          0          0         80   rt_memclr_w.o
       138          0          0          0          0         68   rt_memcpy_v6.o
       100          0          0          0          0         80   rt_memcpy_w.o
         2          0          0          0          0          0   rtexit.o
        10          0          0          0          0          0   rtexit2.o
        72          0          0          0          0         80   strcpy.o
        12          4          0          0          0         68   sys_exit.o
        74          0          0          0          0         80   sys_stackheap_outer.o
         2          0          0          0          0         68   use_no_semi.o
        10          0          0          0          0        116   fpinit.o

    ----------------------------------------------------------------------
       984         16          0          0        100       1176   Library Totals
         4          0          0          0          4          0   (incl. Padding)

    ----------------------------------------------------------------------

      Code (inc. data)   RO Data    RW Data    ZI Data      Debug   Library Name

       970         16          0          0         96       1060   c_w.l
        10          0          0          0          0        116   fz_wm.l

    ----------------------------------------------------------------------
       984         16          0          0        100       1176   Library Totals

    ----------------------------------------------------------------------

==============================================================================


      Code (inc. data)   RO Data    RW Data    ZI Data      Debug   

     12378        970        474         24      15528     838031   Grand Totals
     12378        970        474         24      15528     838031   ELF Image Totals
     12378        970        474         24          0          0   ROM Totals

==============================================================================

    Total RO  Size (Code + RO Data)                12852 (  12.55kB)
    Total RW  Size (RW Data + ZI Data)             15552 (  15.19kB)
    Total ROM Size (Code + RO Data + RW Data)      12876 (  12.57kB)

==============================================================================

